------------------------------------------------------------
Timing Analyzer Summary
------------------------------------------------------------

Type  : Slow 1100mV 85C Model Setup 'dac2|custom_phy_dac_inst|A5|transceiver_core|gen.av_xcvr_native_insts[0].gen_tx_plls.gen_tx_plls.tx_plls|pll[0].pll.cmu_pll.tx_pll|clkcdr'
Slack : -3.659
TNS   : -89.497

Type  : Slow 1100mV 85C Model Setup 'pll_1|altera_pll_i|general[0].gpll~PLL_OUTPUT_COUNTER|divclk'
Slack : -3.636
TNS   : -410.283

Type  : Slow 1100mV 85C Model Setup 'pll_96_dac1|pll_96_48_inst|altera_pll_i|general[0].gpll~PLL_OUTPUT_COUNTER|divclk'
Slack : -2.411
TNS   : -180.008

Type  : Slow 1100mV 85C Model Setup 'pll240_120_ADC1|altera_pll_i|general[0].gpll~FRACTIONAL_PLL|vcoph[0]'
Slack : -1.572
TNS   : -1007.080

Type  : Slow 1100mV 85C Model Setup 'dac1|custom_phy_dac_inst|A5|transceiver_core|gen.av_xcvr_native_insts[1].gen_bonded_group.av_xcvr_native_inst|inst_av_pcs|ch[0].inst_av_pcs_ch|inst_av_hssi_8g_tx_pcs|wys|txpmalocalclk'
Slack : 7.042
TNS   : 0.000

Type  : Slow 1100mV 85C Model Setup 'dac1|custom_phy_dac_inst|A5|transceiver_core|gen.av_xcvr_native_insts[0].gen_bonded_group.av_xcvr_native_inst|inst_av_pcs|ch[0].inst_av_pcs_ch|inst_av_hssi_8g_tx_pcs|wys|txpmalocalclk'
Slack : 7.498
TNS   : 0.000

Type  : Slow 1100mV 85C Model Setup 'pll_96_dac1|pll_96_48_inst|altera_pll_i|general[1].gpll~PLL_OUTPUT_COUNTER|divclk'
Slack : 9.377
TNS   : 0.000

Type  : Slow 1100mV 85C Model Hold 'dac2|custom_phy_dac_inst|A5|transceiver_core|gen.av_xcvr_native_insts[0].gen_tx_plls.gen_tx_plls.tx_plls|pll[0].pll.cmu_pll.tx_pll|clkcdr'
Slack : -0.088
TNS   : -0.334

Type  : Slow 1100mV 85C Model Hold 'pll_96_dac1|pll_96_48_inst|altera_pll_i|general[0].gpll~PLL_OUTPUT_COUNTER|divclk'
Slack : 0.231
TNS   : 0.000

Type  : Slow 1100mV 85C Model Hold 'pll_1|altera_pll_i|general[0].gpll~PLL_OUTPUT_COUNTER|divclk'
Slack : 0.239
TNS   : 0.000

Type  : Slow 1100mV 85C Model Hold 'pll_96_dac1|pll_96_48_inst|altera_pll_i|general[1].gpll~PLL_OUTPUT_COUNTER|divclk'
Slack : 0.240
TNS   : 0.000

Type  : Slow 1100mV 85C Model Hold 'pll240_120_ADC1|altera_pll_i|general[0].gpll~FRACTIONAL_PLL|vcoph[0]'
Slack : 0.246
TNS   : 0.000

Type  : Slow 1100mV 85C Model Hold 'dac1|custom_phy_dac_inst|A5|transceiver_core|gen.av_xcvr_native_insts[0].gen_bonded_group.av_xcvr_native_inst|inst_av_pcs|ch[0].inst_av_pcs_ch|inst_av_hssi_8g_tx_pcs|wys|txpmalocalclk'
Slack : 0.483
TNS   : 0.000

Type  : Slow 1100mV 85C Model Hold 'dac1|custom_phy_dac_inst|A5|transceiver_core|gen.av_xcvr_native_insts[1].gen_bonded_group.av_xcvr_native_inst|inst_av_pcs|ch[0].inst_av_pcs_ch|inst_av_hssi_8g_tx_pcs|wys|txpmalocalclk'
Slack : 0.597
TNS   : 0.000

Type  : Slow 1100mV 85C Model Recovery 'pll_96_dac1|pll_96_48_inst|altera_pll_i|general[0].gpll~PLL_OUTPUT_COUNTER|divclk'
Slack : 8.043
TNS   : 0.000

Type  : Slow 1100mV 85C Model Removal 'pll_96_dac1|pll_96_48_inst|altera_pll_i|general[0].gpll~PLL_OUTPUT_COUNTER|divclk'
Slack : 0.549
TNS   : 0.000

Type  : Slow 1100mV 85C Model Minimum Pulse Width 'dac2|custom_phy_dac_inst|A5|transceiver_core|gen.av_xcvr_native_insts[0].gen_tx_plls.gen_tx_plls.tx_plls|pll[0].pll.cmu_pll.tx_pll|clkcdr'
Slack : -2.492
TNS   : -2.492

Type  : Slow 1100mV 85C Model Minimum Pulse Width 'pll240_120_ADC1|altera_pll_i|general[0].gpll~FRACTIONAL_PLL|vcoph[0]'
Slack : -1.092
TNS   : -408.962

Type  : Slow 1100mV 85C Model Minimum Pulse Width 'adc1_phy|custom_phy_4line_inst|A5|transceiver_core|gen.av_xcvr_native_insts[0].gen_bonded_group.av_xcvr_native_inst|inst_av_pma|av_rx_pma|rx_pmas[0].rx_pma.rx_cdr|clk90bdes'
Slack : 0.416
TNS   : 0.000

Type  : Slow 1100mV 85C Model Minimum Pulse Width 'adc1_phy|custom_phy_4line_inst|A5|transceiver_core|gen.av_xcvr_native_insts[1].gen_bonded_group.av_xcvr_native_inst|inst_av_pma|av_rx_pma|rx_pmas[0].rx_pma.rx_cdr|clk90bdes'
Slack : 0.416
TNS   : 0.000

Type  : Slow 1100mV 85C Model Minimum Pulse Width 'adc1_phy|custom_phy_4line_inst|A5|transceiver_core|gen.av_xcvr_native_insts[2].gen_bonded_group.av_xcvr_native_inst|inst_av_pma|av_rx_pma|rx_pmas[0].rx_pma.rx_cdr|clk90bdes'
Slack : 0.416
TNS   : 0.000

Type  : Slow 1100mV 85C Model Minimum Pulse Width 'adc1_phy|custom_phy_4line_inst|A5|transceiver_core|gen.av_xcvr_native_insts[3].gen_bonded_group.av_xcvr_native_inst|inst_av_pma|av_rx_pma|rx_pmas[0].rx_pma.rx_cdr|clk90bdes'
Slack : 0.416
TNS   : 0.000

Type  : Slow 1100mV 85C Model Minimum Pulse Width 'adc2_phy|custom_phy_4line_inst|A5|transceiver_core|gen.av_xcvr_native_insts[0].gen_bonded_group.av_xcvr_native_inst|inst_av_pma|av_rx_pma|rx_pmas[0].rx_pma.rx_cdr|clk90bdes'
Slack : 0.416
TNS   : 0.000

Type  : Slow 1100mV 85C Model Minimum Pulse Width 'adc2_phy|custom_phy_4line_inst|A5|transceiver_core|gen.av_xcvr_native_insts[1].gen_bonded_group.av_xcvr_native_inst|inst_av_pma|av_rx_pma|rx_pmas[0].rx_pma.rx_cdr|clk90bdes'
Slack : 0.416
TNS   : 0.000

Type  : Slow 1100mV 85C Model Minimum Pulse Width 'adc2_phy|custom_phy_4line_inst|A5|transceiver_core|gen.av_xcvr_native_insts[2].gen_bonded_group.av_xcvr_native_inst|inst_av_pma|av_rx_pma|rx_pmas[0].rx_pma.rx_cdr|clk90bdes'
Slack : 0.416
TNS   : 0.000

Type  : Slow 1100mV 85C Model Minimum Pulse Width 'adc2_phy|custom_phy_4line_inst|A5|transceiver_core|gen.av_xcvr_native_insts[3].gen_bonded_group.av_xcvr_native_inst|inst_av_pma|av_rx_pma|rx_pmas[0].rx_pma.rx_cdr|clk90bdes'
Slack : 0.416
TNS   : 0.000

Type  : Slow 1100mV 85C Model Minimum Pulse Width 'dac1|custom_phy_dac_inst|A5|transceiver_core|gen.av_xcvr_native_insts[0].gen_tx_plls.gen_tx_plls.tx_plls|pll[0].pll.cmu_pll.tx_pll|clkcdr'
Slack : 0.520
TNS   : 0.000

Type  : Slow 1100mV 85C Model Minimum Pulse Width 'pll_96_dac1|pll_96_48_inst|altera_pll_i|general[0].gpll~FRACTIONAL_PLL|vcoph[0]'
Slack : 1.041
TNS   : 0.000

Type  : Slow 1100mV 85C Model Minimum Pulse Width 'pll_1|altera_pll_i|general[0].gpll~FRACTIONAL_PLL|vcoph[0]'
Slack : 1.332
TNS   : 0.000

Type  : Slow 1100mV 85C Model Minimum Pulse Width 'REF3'
Slack : 1.370
TNS   : 0.000

Type  : Slow 1100mV 85C Model Minimum Pulse Width 'adc1_phy|custom_phy_4line_inst|A5|transceiver_core|gen.av_xcvr_native_insts[0].gen_bonded_group.av_xcvr_native_inst|inst_av_pma|av_rx_pma|rx_pmas[0].rx_pma.rx_pma_deser|clk90b'
Slack : 2.068
TNS   : 0.000

Type  : Slow 1100mV 85C Model Minimum Pulse Width 'adc1_phy|custom_phy_4line_inst|A5|transceiver_core|gen.av_xcvr_native_insts[1].gen_bonded_group.av_xcvr_native_inst|inst_av_pma|av_rx_pma|rx_pmas[0].rx_pma.rx_pma_deser|clk90b'
Slack : 2.068
TNS   : 0.000

Type  : Slow 1100mV 85C Model Minimum Pulse Width 'adc1_phy|custom_phy_4line_inst|A5|transceiver_core|gen.av_xcvr_native_insts[2].gen_bonded_group.av_xcvr_native_inst|inst_av_pma|av_rx_pma|rx_pmas[0].rx_pma.rx_pma_deser|clk90b'
Slack : 2.068
TNS   : 0.000

Type  : Slow 1100mV 85C Model Minimum Pulse Width 'adc1_phy|custom_phy_4line_inst|A5|transceiver_core|gen.av_xcvr_native_insts[3].gen_bonded_group.av_xcvr_native_inst|inst_av_pma|av_rx_pma|rx_pmas[0].rx_pma.rx_pma_deser|clk90b'
Slack : 2.068
TNS   : 0.000

Type  : Slow 1100mV 85C Model Minimum Pulse Width 'adc2_phy|custom_phy_4line_inst|A5|transceiver_core|gen.av_xcvr_native_insts[0].gen_bonded_group.av_xcvr_native_inst|inst_av_pma|av_rx_pma|rx_pmas[0].rx_pma.rx_pma_deser|clk90b'
Slack : 2.068
TNS   : 0.000

Type  : Slow 1100mV 85C Model Minimum Pulse Width 'adc2_phy|custom_phy_4line_inst|A5|transceiver_core|gen.av_xcvr_native_insts[1].gen_bonded_group.av_xcvr_native_inst|inst_av_pma|av_rx_pma|rx_pmas[0].rx_pma.rx_pma_deser|clk90b'
Slack : 2.068
TNS   : 0.000

Type  : Slow 1100mV 85C Model Minimum Pulse Width 'adc2_phy|custom_phy_4line_inst|A5|transceiver_core|gen.av_xcvr_native_insts[2].gen_bonded_group.av_xcvr_native_inst|inst_av_pma|av_rx_pma|rx_pmas[0].rx_pma.rx_pma_deser|clk90b'
Slack : 2.068
TNS   : 0.000

Type  : Slow 1100mV 85C Model Minimum Pulse Width 'adc2_phy|custom_phy_4line_inst|A5|transceiver_core|gen.av_xcvr_native_insts[3].gen_bonded_group.av_xcvr_native_inst|inst_av_pma|av_rx_pma|rx_pmas[0].rx_pma.rx_pma_deser|clk90b'
Slack : 2.068
TNS   : 0.000

Type  : Slow 1100mV 85C Model Minimum Pulse Width 'dac1|custom_phy_dac_inst|A5|transceiver_core|gen.av_xcvr_native_insts[0].gen_bonded_group.av_xcvr_native_inst|inst_av_pma|av_tx_pma|tx_pma_insts[0].av_tx_pma_ch_inst|tx_pma_ch.tx_cgb|lfclkp'
Slack : 2.601
TNS   : 0.000

Type  : Slow 1100mV 85C Model Minimum Pulse Width 'dac1|custom_phy_dac_inst|A5|transceiver_core|gen.av_xcvr_native_insts[1].gen_bonded_group.av_xcvr_native_inst|inst_av_pma|av_tx_pma|tx_pma_insts[0].av_tx_pma_ch_inst|tx_pma_ch.tx_cgb|lfclkp'
Slack : 2.601
TNS   : 0.000

Type  : Slow 1100mV 85C Model Minimum Pulse Width 'pll_1|altera_pll_i|general[0].gpll~PLL_OUTPUT_COUNTER|divclk'
Slack : 3.193
TNS   : 0.000

Type  : Slow 1100mV 85C Model Minimum Pulse Width 'adc1_phy|custom_phy_4line_inst|A5|transceiver_core|gen.av_xcvr_native_insts[0].gen_bonded_group.av_xcvr_native_inst|inst_av_pcs|ch[0].inst_av_pcs_ch|inst_av_hssi_8g_rx_pcs|wys|rcvdclkpma'
Slack : 4.164
TNS   : 0.000

Type  : Slow 1100mV 85C Model Minimum Pulse Width 'adc1_phy|custom_phy_4line_inst|A5|transceiver_core|gen.av_xcvr_native_insts[1].gen_bonded_group.av_xcvr_native_inst|inst_av_pcs|ch[0].inst_av_pcs_ch|inst_av_hssi_8g_rx_pcs|wys|rcvdclkpma'
Slack : 4.164
TNS   : 0.000

Type  : Slow 1100mV 85C Model Minimum Pulse Width 'adc1_phy|custom_phy_4line_inst|A5|transceiver_core|gen.av_xcvr_native_insts[2].gen_bonded_group.av_xcvr_native_inst|inst_av_pcs|ch[0].inst_av_pcs_ch|inst_av_hssi_8g_rx_pcs|wys|rcvdclkpma'
Slack : 4.164
TNS   : 0.000

Type  : Slow 1100mV 85C Model Minimum Pulse Width 'adc1_phy|custom_phy_4line_inst|A5|transceiver_core|gen.av_xcvr_native_insts[3].gen_bonded_group.av_xcvr_native_inst|inst_av_pcs|ch[0].inst_av_pcs_ch|inst_av_hssi_8g_rx_pcs|wys|rcvdclkpma'
Slack : 4.164
TNS   : 0.000

Type  : Slow 1100mV 85C Model Minimum Pulse Width 'adc2_phy|custom_phy_4line_inst|A5|transceiver_core|gen.av_xcvr_native_insts[0].gen_bonded_group.av_xcvr_native_inst|inst_av_pcs|ch[0].inst_av_pcs_ch|inst_av_hssi_8g_rx_pcs|wys|rcvdclkpma'
Slack : 4.164
TNS   : 0.000

Type  : Slow 1100mV 85C Model Minimum Pulse Width 'adc2_phy|custom_phy_4line_inst|A5|transceiver_core|gen.av_xcvr_native_insts[1].gen_bonded_group.av_xcvr_native_inst|inst_av_pcs|ch[0].inst_av_pcs_ch|inst_av_hssi_8g_rx_pcs|wys|rcvdclkpma'
Slack : 4.164
TNS   : 0.000

Type  : Slow 1100mV 85C Model Minimum Pulse Width 'adc2_phy|custom_phy_4line_inst|A5|transceiver_core|gen.av_xcvr_native_insts[2].gen_bonded_group.av_xcvr_native_inst|inst_av_pcs|ch[0].inst_av_pcs_ch|inst_av_hssi_8g_rx_pcs|wys|rcvdclkpma'
Slack : 4.164
TNS   : 0.000

Type  : Slow 1100mV 85C Model Minimum Pulse Width 'adc2_phy|custom_phy_4line_inst|A5|transceiver_core|gen.av_xcvr_native_insts[3].gen_bonded_group.av_xcvr_native_inst|inst_av_pcs|ch[0].inst_av_pcs_ch|inst_av_hssi_8g_rx_pcs|wys|rcvdclkpma'
Slack : 4.164
TNS   : 0.000

Type  : Slow 1100mV 85C Model Minimum Pulse Width 'pll_96_dac1|pll_96_48_inst|altera_pll_i|general[0].gpll~PLL_OUTPUT_COUNTER|divclk'
Slack : 4.394
TNS   : 0.000

Type  : Slow 1100mV 85C Model Minimum Pulse Width 'dac1|custom_phy_dac_inst|A5|transceiver_core|gen.av_xcvr_native_insts[1].gen_bonded_group.av_xcvr_native_inst|inst_av_pcs|ch[0].inst_av_pcs_ch|inst_av_hssi_8g_tx_pcs|wys|txpmalocalclk'
Slack : 5.028
TNS   : 0.000

Type  : Slow 1100mV 85C Model Minimum Pulse Width 'dac1|custom_phy_dac_inst|A5|transceiver_core|gen.av_xcvr_native_insts[0].gen_bonded_group.av_xcvr_native_inst|inst_av_pcs|ch[0].inst_av_pcs_ch|inst_av_hssi_8g_tx_pcs|wys|txpmalocalclk'
Slack : 5.029
TNS   : 0.000

Type  : Slow 1100mV 85C Model Minimum Pulse Width 'pll_96_dac1|pll_96_48_inst|altera_pll_i|general[1].gpll~PLL_OUTPUT_COUNTER|divclk'
Slack : 9.585
TNS   : 0.000

Type  : Slow 1100mV 0C Model Setup 'pll_1|altera_pll_i|general[0].gpll~PLL_OUTPUT_COUNTER|divclk'
Slack : -3.529
TNS   : -399.268

Type  : Slow 1100mV 0C Model Setup 'dac2|custom_phy_dac_inst|A5|transceiver_core|gen.av_xcvr_native_insts[0].gen_tx_plls.gen_tx_plls.tx_plls|pll[0].pll.cmu_pll.tx_pll|clkcdr'
Slack : -3.368
TNS   : -81.748

Type  : Slow 1100mV 0C Model Setup 'pll_96_dac1|pll_96_48_inst|altera_pll_i|general[0].gpll~PLL_OUTPUT_COUNTER|divclk'
Slack : -2.177
TNS   : -159.614

Type  : Slow 1100mV 0C Model Setup 'pll240_120_ADC1|altera_pll_i|general[0].gpll~FRACTIONAL_PLL|vcoph[0]'
Slack : -1.501
TNS   : -865.824

Type  : Slow 1100mV 0C Model Setup 'dac1|custom_phy_dac_inst|A5|transceiver_core|gen.av_xcvr_native_insts[1].gen_bonded_group.av_xcvr_native_inst|inst_av_pcs|ch[0].inst_av_pcs_ch|inst_av_hssi_8g_tx_pcs|wys|txpmalocalclk'
Slack : 7.308
TNS   : 0.000

Type  : Slow 1100mV 0C Model Setup 'dac1|custom_phy_dac_inst|A5|transceiver_core|gen.av_xcvr_native_insts[0].gen_bonded_group.av_xcvr_native_inst|inst_av_pcs|ch[0].inst_av_pcs_ch|inst_av_hssi_8g_tx_pcs|wys|txpmalocalclk'
Slack : 7.736
TNS   : 0.000

Type  : Slow 1100mV 0C Model Setup 'pll_96_dac1|pll_96_48_inst|altera_pll_i|general[1].gpll~PLL_OUTPUT_COUNTER|divclk'
Slack : 9.388
TNS   : 0.000

Type  : Slow 1100mV 0C Model Hold 'dac2|custom_phy_dac_inst|A5|transceiver_core|gen.av_xcvr_native_insts[0].gen_tx_plls.gen_tx_plls.tx_plls|pll[0].pll.cmu_pll.tx_pll|clkcdr'
Slack : -0.217
TNS   : -2.064

Type  : Slow 1100mV 0C Model Hold 'pll_96_dac1|pll_96_48_inst|altera_pll_i|general[1].gpll~PLL_OUTPUT_COUNTER|divclk'
Slack : 0.193
TNS   : 0.000

Type  : Slow 1100mV 0C Model Hold 'pll_1|altera_pll_i|general[0].gpll~PLL_OUTPUT_COUNTER|divclk'
Slack : 0.221
TNS   : 0.000

Type  : Slow 1100mV 0C Model Hold 'pll_96_dac1|pll_96_48_inst|altera_pll_i|general[0].gpll~PLL_OUTPUT_COUNTER|divclk'
Slack : 0.222
TNS   : 0.000

Type  : Slow 1100mV 0C Model Hold 'pll240_120_ADC1|altera_pll_i|general[0].gpll~FRACTIONAL_PLL|vcoph[0]'
Slack : 0.224
TNS   : 0.000

Type  : Slow 1100mV 0C Model Hold 'dac1|custom_phy_dac_inst|A5|transceiver_core|gen.av_xcvr_native_insts[0].gen_bonded_group.av_xcvr_native_inst|inst_av_pcs|ch[0].inst_av_pcs_ch|inst_av_hssi_8g_tx_pcs|wys|txpmalocalclk'
Slack : 0.351
TNS   : 0.000

Type  : Slow 1100mV 0C Model Hold 'dac1|custom_phy_dac_inst|A5|transceiver_core|gen.av_xcvr_native_insts[1].gen_bonded_group.av_xcvr_native_inst|inst_av_pcs|ch[0].inst_av_pcs_ch|inst_av_hssi_8g_tx_pcs|wys|txpmalocalclk'
Slack : 0.464
TNS   : 0.000

Type  : Slow 1100mV 0C Model Recovery 'pll_96_dac1|pll_96_48_inst|altera_pll_i|general[0].gpll~PLL_OUTPUT_COUNTER|divclk'
Slack : 8.199
TNS   : 0.000

Type  : Slow 1100mV 0C Model Removal 'pll_96_dac1|pll_96_48_inst|altera_pll_i|general[0].gpll~PLL_OUTPUT_COUNTER|divclk'
Slack : 0.488
TNS   : 0.000

Type  : Slow 1100mV 0C Model Minimum Pulse Width 'dac2|custom_phy_dac_inst|A5|transceiver_core|gen.av_xcvr_native_insts[0].gen_tx_plls.gen_tx_plls.tx_plls|pll[0].pll.cmu_pll.tx_pll|clkcdr'
Slack : -2.492
TNS   : -2.492

Type  : Slow 1100mV 0C Model Minimum Pulse Width 'pll240_120_ADC1|altera_pll_i|general[0].gpll~FRACTIONAL_PLL|vcoph[0]'
Slack : -1.092
TNS   : -408.962

Type  : Slow 1100mV 0C Model Minimum Pulse Width 'adc1_phy|custom_phy_4line_inst|A5|transceiver_core|gen.av_xcvr_native_insts[0].gen_bonded_group.av_xcvr_native_inst|inst_av_pma|av_rx_pma|rx_pmas[0].rx_pma.rx_cdr|clk90bdes'
Slack : 0.416
TNS   : 0.000

Type  : Slow 1100mV 0C Model Minimum Pulse Width 'adc1_phy|custom_phy_4line_inst|A5|transceiver_core|gen.av_xcvr_native_insts[1].gen_bonded_group.av_xcvr_native_inst|inst_av_pma|av_rx_pma|rx_pmas[0].rx_pma.rx_cdr|clk90bdes'
Slack : 0.416
TNS   : 0.000

Type  : Slow 1100mV 0C Model Minimum Pulse Width 'adc1_phy|custom_phy_4line_inst|A5|transceiver_core|gen.av_xcvr_native_insts[2].gen_bonded_group.av_xcvr_native_inst|inst_av_pma|av_rx_pma|rx_pmas[0].rx_pma.rx_cdr|clk90bdes'
Slack : 0.416
TNS   : 0.000

Type  : Slow 1100mV 0C Model Minimum Pulse Width 'adc1_phy|custom_phy_4line_inst|A5|transceiver_core|gen.av_xcvr_native_insts[3].gen_bonded_group.av_xcvr_native_inst|inst_av_pma|av_rx_pma|rx_pmas[0].rx_pma.rx_cdr|clk90bdes'
Slack : 0.416
TNS   : 0.000

Type  : Slow 1100mV 0C Model Minimum Pulse Width 'adc2_phy|custom_phy_4line_inst|A5|transceiver_core|gen.av_xcvr_native_insts[0].gen_bonded_group.av_xcvr_native_inst|inst_av_pma|av_rx_pma|rx_pmas[0].rx_pma.rx_cdr|clk90bdes'
Slack : 0.416
TNS   : 0.000

Type  : Slow 1100mV 0C Model Minimum Pulse Width 'adc2_phy|custom_phy_4line_inst|A5|transceiver_core|gen.av_xcvr_native_insts[1].gen_bonded_group.av_xcvr_native_inst|inst_av_pma|av_rx_pma|rx_pmas[0].rx_pma.rx_cdr|clk90bdes'
Slack : 0.416
TNS   : 0.000

Type  : Slow 1100mV 0C Model Minimum Pulse Width 'adc2_phy|custom_phy_4line_inst|A5|transceiver_core|gen.av_xcvr_native_insts[2].gen_bonded_group.av_xcvr_native_inst|inst_av_pma|av_rx_pma|rx_pmas[0].rx_pma.rx_cdr|clk90bdes'
Slack : 0.416
TNS   : 0.000

Type  : Slow 1100mV 0C Model Minimum Pulse Width 'adc2_phy|custom_phy_4line_inst|A5|transceiver_core|gen.av_xcvr_native_insts[3].gen_bonded_group.av_xcvr_native_inst|inst_av_pma|av_rx_pma|rx_pmas[0].rx_pma.rx_cdr|clk90bdes'
Slack : 0.416
TNS   : 0.000

Type  : Slow 1100mV 0C Model Minimum Pulse Width 'dac1|custom_phy_dac_inst|A5|transceiver_core|gen.av_xcvr_native_insts[0].gen_tx_plls.gen_tx_plls.tx_plls|pll[0].pll.cmu_pll.tx_pll|clkcdr'
Slack : 0.520
TNS   : 0.000

Type  : Slow 1100mV 0C Model Minimum Pulse Width 'pll_96_dac1|pll_96_48_inst|altera_pll_i|general[0].gpll~FRACTIONAL_PLL|vcoph[0]'
Slack : 1.041
TNS   : 0.000

Type  : Slow 1100mV 0C Model Minimum Pulse Width 'pll_1|altera_pll_i|general[0].gpll~FRACTIONAL_PLL|vcoph[0]'
Slack : 1.332
TNS   : 0.000

Type  : Slow 1100mV 0C Model Minimum Pulse Width 'REF3'
Slack : 1.378
TNS   : 0.000

Type  : Slow 1100mV 0C Model Minimum Pulse Width 'adc1_phy|custom_phy_4line_inst|A5|transceiver_core|gen.av_xcvr_native_insts[0].gen_bonded_group.av_xcvr_native_inst|inst_av_pma|av_rx_pma|rx_pmas[0].rx_pma.rx_pma_deser|clk90b'
Slack : 2.070
TNS   : 0.000

Type  : Slow 1100mV 0C Model Minimum Pulse Width 'adc1_phy|custom_phy_4line_inst|A5|transceiver_core|gen.av_xcvr_native_insts[1].gen_bonded_group.av_xcvr_native_inst|inst_av_pma|av_rx_pma|rx_pmas[0].rx_pma.rx_pma_deser|clk90b'
Slack : 2.070
TNS   : 0.000

Type  : Slow 1100mV 0C Model Minimum Pulse Width 'adc1_phy|custom_phy_4line_inst|A5|transceiver_core|gen.av_xcvr_native_insts[2].gen_bonded_group.av_xcvr_native_inst|inst_av_pma|av_rx_pma|rx_pmas[0].rx_pma.rx_pma_deser|clk90b'
Slack : 2.070
TNS   : 0.000

Type  : Slow 1100mV 0C Model Minimum Pulse Width 'adc1_phy|custom_phy_4line_inst|A5|transceiver_core|gen.av_xcvr_native_insts[3].gen_bonded_group.av_xcvr_native_inst|inst_av_pma|av_rx_pma|rx_pmas[0].rx_pma.rx_pma_deser|clk90b'
Slack : 2.070
TNS   : 0.000

Type  : Slow 1100mV 0C Model Minimum Pulse Width 'adc2_phy|custom_phy_4line_inst|A5|transceiver_core|gen.av_xcvr_native_insts[0].gen_bonded_group.av_xcvr_native_inst|inst_av_pma|av_rx_pma|rx_pmas[0].rx_pma.rx_pma_deser|clk90b'
Slack : 2.070
TNS   : 0.000

Type  : Slow 1100mV 0C Model Minimum Pulse Width 'adc2_phy|custom_phy_4line_inst|A5|transceiver_core|gen.av_xcvr_native_insts[1].gen_bonded_group.av_xcvr_native_inst|inst_av_pma|av_rx_pma|rx_pmas[0].rx_pma.rx_pma_deser|clk90b'
Slack : 2.070
TNS   : 0.000

Type  : Slow 1100mV 0C Model Minimum Pulse Width 'adc2_phy|custom_phy_4line_inst|A5|transceiver_core|gen.av_xcvr_native_insts[2].gen_bonded_group.av_xcvr_native_inst|inst_av_pma|av_rx_pma|rx_pmas[0].rx_pma.rx_pma_deser|clk90b'
Slack : 2.070
TNS   : 0.000

Type  : Slow 1100mV 0C Model Minimum Pulse Width 'adc2_phy|custom_phy_4line_inst|A5|transceiver_core|gen.av_xcvr_native_insts[3].gen_bonded_group.av_xcvr_native_inst|inst_av_pma|av_rx_pma|rx_pmas[0].rx_pma.rx_pma_deser|clk90b'
Slack : 2.070
TNS   : 0.000

Type  : Slow 1100mV 0C Model Minimum Pulse Width 'dac1|custom_phy_dac_inst|A5|transceiver_core|gen.av_xcvr_native_insts[0].gen_bonded_group.av_xcvr_native_inst|inst_av_pma|av_tx_pma|tx_pma_insts[0].av_tx_pma_ch_inst|tx_pma_ch.tx_cgb|lfclkp'
Slack : 2.601
TNS   : 0.000

Type  : Slow 1100mV 0C Model Minimum Pulse Width 'dac1|custom_phy_dac_inst|A5|transceiver_core|gen.av_xcvr_native_insts[1].gen_bonded_group.av_xcvr_native_inst|inst_av_pma|av_tx_pma|tx_pma_insts[0].av_tx_pma_ch_inst|tx_pma_ch.tx_cgb|lfclkp'
Slack : 2.601
TNS   : 0.000

Type  : Slow 1100mV 0C Model Minimum Pulse Width 'pll_1|altera_pll_i|general[0].gpll~PLL_OUTPUT_COUNTER|divclk'
Slack : 3.178
TNS   : 0.000

Type  : Slow 1100mV 0C Model Minimum Pulse Width 'adc1_phy|custom_phy_4line_inst|A5|transceiver_core|gen.av_xcvr_native_insts[0].gen_bonded_group.av_xcvr_native_inst|inst_av_pcs|ch[0].inst_av_pcs_ch|inst_av_hssi_8g_rx_pcs|wys|rcvdclkpma'
Slack : 4.165
TNS   : 0.000

Type  : Slow 1100mV 0C Model Minimum Pulse Width 'adc1_phy|custom_phy_4line_inst|A5|transceiver_core|gen.av_xcvr_native_insts[1].gen_bonded_group.av_xcvr_native_inst|inst_av_pcs|ch[0].inst_av_pcs_ch|inst_av_hssi_8g_rx_pcs|wys|rcvdclkpma'
Slack : 4.165
TNS   : 0.000

Type  : Slow 1100mV 0C Model Minimum Pulse Width 'adc1_phy|custom_phy_4line_inst|A5|transceiver_core|gen.av_xcvr_native_insts[2].gen_bonded_group.av_xcvr_native_inst|inst_av_pcs|ch[0].inst_av_pcs_ch|inst_av_hssi_8g_rx_pcs|wys|rcvdclkpma'
Slack : 4.165
TNS   : 0.000

Type  : Slow 1100mV 0C Model Minimum Pulse Width 'adc1_phy|custom_phy_4line_inst|A5|transceiver_core|gen.av_xcvr_native_insts[3].gen_bonded_group.av_xcvr_native_inst|inst_av_pcs|ch[0].inst_av_pcs_ch|inst_av_hssi_8g_rx_pcs|wys|rcvdclkpma'
Slack : 4.165
TNS   : 0.000

Type  : Slow 1100mV 0C Model Minimum Pulse Width 'adc2_phy|custom_phy_4line_inst|A5|transceiver_core|gen.av_xcvr_native_insts[0].gen_bonded_group.av_xcvr_native_inst|inst_av_pcs|ch[0].inst_av_pcs_ch|inst_av_hssi_8g_rx_pcs|wys|rcvdclkpma'
Slack : 4.165
TNS   : 0.000

Type  : Slow 1100mV 0C Model Minimum Pulse Width 'adc2_phy|custom_phy_4line_inst|A5|transceiver_core|gen.av_xcvr_native_insts[1].gen_bonded_group.av_xcvr_native_inst|inst_av_pcs|ch[0].inst_av_pcs_ch|inst_av_hssi_8g_rx_pcs|wys|rcvdclkpma'
Slack : 4.165
TNS   : 0.000

Type  : Slow 1100mV 0C Model Minimum Pulse Width 'adc2_phy|custom_phy_4line_inst|A5|transceiver_core|gen.av_xcvr_native_insts[2].gen_bonded_group.av_xcvr_native_inst|inst_av_pcs|ch[0].inst_av_pcs_ch|inst_av_hssi_8g_rx_pcs|wys|rcvdclkpma'
Slack : 4.165
TNS   : 0.000

Type  : Slow 1100mV 0C Model Minimum Pulse Width 'adc2_phy|custom_phy_4line_inst|A5|transceiver_core|gen.av_xcvr_native_insts[3].gen_bonded_group.av_xcvr_native_inst|inst_av_pcs|ch[0].inst_av_pcs_ch|inst_av_hssi_8g_rx_pcs|wys|rcvdclkpma'
Slack : 4.165
TNS   : 0.000

Type  : Slow 1100mV 0C Model Minimum Pulse Width 'pll_96_dac1|pll_96_48_inst|altera_pll_i|general[0].gpll~PLL_OUTPUT_COUNTER|divclk'
Slack : 4.379
TNS   : 0.000

Type  : Slow 1100mV 0C Model Minimum Pulse Width 'dac1|custom_phy_dac_inst|A5|transceiver_core|gen.av_xcvr_native_insts[0].gen_bonded_group.av_xcvr_native_inst|inst_av_pcs|ch[0].inst_av_pcs_ch|inst_av_hssi_8g_tx_pcs|wys|txpmalocalclk'
Slack : 4.991
TNS   : 0.000

Type  : Slow 1100mV 0C Model Minimum Pulse Width 'dac1|custom_phy_dac_inst|A5|transceiver_core|gen.av_xcvr_native_insts[1].gen_bonded_group.av_xcvr_native_inst|inst_av_pcs|ch[0].inst_av_pcs_ch|inst_av_hssi_8g_tx_pcs|wys|txpmalocalclk'
Slack : 4.991
TNS   : 0.000

Type  : Slow 1100mV 0C Model Minimum Pulse Width 'pll_96_dac1|pll_96_48_inst|altera_pll_i|general[1].gpll~PLL_OUTPUT_COUNTER|divclk'
Slack : 9.572
TNS   : 0.000

Type  : Fast 1100mV 85C Model Setup 'dac2|custom_phy_dac_inst|A5|transceiver_core|gen.av_xcvr_native_insts[0].gen_tx_plls.gen_tx_plls.tx_plls|pll[0].pll.cmu_pll.tx_pll|clkcdr'
Slack : -2.546
TNS   : -56.905

Type  : Fast 1100mV 85C Model Setup 'pll_1|altera_pll_i|general[0].gpll~PLL_OUTPUT_COUNTER|divclk'
Slack : -2.384
TNS   : -261.546

Type  : Fast 1100mV 85C Model Setup 'pll_96_dac1|pll_96_48_inst|altera_pll_i|general[0].gpll~PLL_OUTPUT_COUNTER|divclk'
Slack : -1.729
TNS   : -126.173

Type  : Fast 1100mV 85C Model Setup 'pll240_120_ADC1|altera_pll_i|general[0].gpll~FRACTIONAL_PLL|vcoph[0]'
Slack : -0.522
TNS   : -30.696

Type  : Fast 1100mV 85C Model Setup 'dac1|custom_phy_dac_inst|A5|transceiver_core|gen.av_xcvr_native_insts[1].gen_bonded_group.av_xcvr_native_inst|inst_av_pcs|ch[0].inst_av_pcs_ch|inst_av_hssi_8g_tx_pcs|wys|txpmalocalclk'
Slack : 7.916
TNS   : 0.000

Type  : Fast 1100mV 85C Model Setup 'dac1|custom_phy_dac_inst|A5|transceiver_core|gen.av_xcvr_native_insts[0].gen_bonded_group.av_xcvr_native_inst|inst_av_pcs|ch[0].inst_av_pcs_ch|inst_av_hssi_8g_tx_pcs|wys|txpmalocalclk'
Slack : 8.297
TNS   : 0.000

Type  : Fast 1100mV 85C Model Setup 'pll_96_dac1|pll_96_48_inst|altera_pll_i|general[1].gpll~PLL_OUTPUT_COUNTER|divclk'
Slack : 9.881
TNS   : 0.000

Type  : Fast 1100mV 85C Model Hold 'dac2|custom_phy_dac_inst|A5|transceiver_core|gen.av_xcvr_native_insts[0].gen_tx_plls.gen_tx_plls.tx_plls|pll[0].pll.cmu_pll.tx_pll|clkcdr'
Slack : 0.131
TNS   : 0.000

Type  : Fast 1100mV 85C Model Hold 'pll_1|altera_pll_i|general[0].gpll~PLL_OUTPUT_COUNTER|divclk'
Slack : 0.157
TNS   : 0.000

Type  : Fast 1100mV 85C Model Hold 'pll_96_dac1|pll_96_48_inst|altera_pll_i|general[0].gpll~PLL_OUTPUT_COUNTER|divclk'
Slack : 0.157
TNS   : 0.000

Type  : Fast 1100mV 85C Model Hold 'pll_96_dac1|pll_96_48_inst|altera_pll_i|general[1].gpll~PLL_OUTPUT_COUNTER|divclk'
Slack : 0.157
TNS   : 0.000

Type  : Fast 1100mV 85C Model Hold 'pll240_120_ADC1|altera_pll_i|general[0].gpll~FRACTIONAL_PLL|vcoph[0]'
Slack : 0.164
TNS   : 0.000

Type  : Fast 1100mV 85C Model Hold 'dac1|custom_phy_dac_inst|A5|transceiver_core|gen.av_xcvr_native_insts[0].gen_bonded_group.av_xcvr_native_inst|inst_av_pcs|ch[0].inst_av_pcs_ch|inst_av_hssi_8g_tx_pcs|wys|txpmalocalclk'
Slack : 0.214
TNS   : 0.000

Type  : Fast 1100mV 85C Model Hold 'dac1|custom_phy_dac_inst|A5|transceiver_core|gen.av_xcvr_native_insts[1].gen_bonded_group.av_xcvr_native_inst|inst_av_pcs|ch[0].inst_av_pcs_ch|inst_av_hssi_8g_tx_pcs|wys|txpmalocalclk'
Slack : 0.278
TNS   : 0.000

Type  : Fast 1100mV 85C Model Recovery 'pll_96_dac1|pll_96_48_inst|altera_pll_i|general[0].gpll~PLL_OUTPUT_COUNTER|divclk'
Slack : 8.764
TNS   : 0.000

Type  : Fast 1100mV 85C Model Removal 'pll_96_dac1|pll_96_48_inst|altera_pll_i|general[0].gpll~PLL_OUTPUT_COUNTER|divclk'
Slack : 0.315
TNS   : 0.000

Type  : Fast 1100mV 85C Model Minimum Pulse Width 'pll240_120_ADC1|altera_pll_i|general[0].gpll~FRACTIONAL_PLL|vcoph[0]'
Slack : -1.092
TNS   : -408.962

Type  : Fast 1100mV 85C Model Minimum Pulse Width 'dac2|custom_phy_dac_inst|A5|transceiver_core|gen.av_xcvr_native_insts[0].gen_tx_plls.gen_tx_plls.tx_plls|pll[0].pll.cmu_pll.tx_pll|clkcdr'
Slack : 0.208
TNS   : 0.000

Type  : Fast 1100mV 85C Model Minimum Pulse Width 'adc1_phy|custom_phy_4line_inst|A5|transceiver_core|gen.av_xcvr_native_insts[0].gen_bonded_group.av_xcvr_native_inst|inst_av_pma|av_rx_pma|rx_pmas[0].rx_pma.rx_cdr|clk90bdes'
Slack : 0.416
TNS   : 0.000

Type  : Fast 1100mV 85C Model Minimum Pulse Width 'adc1_phy|custom_phy_4line_inst|A5|transceiver_core|gen.av_xcvr_native_insts[1].gen_bonded_group.av_xcvr_native_inst|inst_av_pma|av_rx_pma|rx_pmas[0].rx_pma.rx_cdr|clk90bdes'
Slack : 0.416
TNS   : 0.000

Type  : Fast 1100mV 85C Model Minimum Pulse Width 'adc1_phy|custom_phy_4line_inst|A5|transceiver_core|gen.av_xcvr_native_insts[2].gen_bonded_group.av_xcvr_native_inst|inst_av_pma|av_rx_pma|rx_pmas[0].rx_pma.rx_cdr|clk90bdes'
Slack : 0.416
TNS   : 0.000

Type  : Fast 1100mV 85C Model Minimum Pulse Width 'adc1_phy|custom_phy_4line_inst|A5|transceiver_core|gen.av_xcvr_native_insts[3].gen_bonded_group.av_xcvr_native_inst|inst_av_pma|av_rx_pma|rx_pmas[0].rx_pma.rx_cdr|clk90bdes'
Slack : 0.416
TNS   : 0.000

Type  : Fast 1100mV 85C Model Minimum Pulse Width 'adc2_phy|custom_phy_4line_inst|A5|transceiver_core|gen.av_xcvr_native_insts[0].gen_bonded_group.av_xcvr_native_inst|inst_av_pma|av_rx_pma|rx_pmas[0].rx_pma.rx_cdr|clk90bdes'
Slack : 0.416
TNS   : 0.000

Type  : Fast 1100mV 85C Model Minimum Pulse Width 'adc2_phy|custom_phy_4line_inst|A5|transceiver_core|gen.av_xcvr_native_insts[1].gen_bonded_group.av_xcvr_native_inst|inst_av_pma|av_rx_pma|rx_pmas[0].rx_pma.rx_cdr|clk90bdes'
Slack : 0.416
TNS   : 0.000

Type  : Fast 1100mV 85C Model Minimum Pulse Width 'adc2_phy|custom_phy_4line_inst|A5|transceiver_core|gen.av_xcvr_native_insts[2].gen_bonded_group.av_xcvr_native_inst|inst_av_pma|av_rx_pma|rx_pmas[0].rx_pma.rx_cdr|clk90bdes'
Slack : 0.416
TNS   : 0.000

Type  : Fast 1100mV 85C Model Minimum Pulse Width 'adc2_phy|custom_phy_4line_inst|A5|transceiver_core|gen.av_xcvr_native_insts[3].gen_bonded_group.av_xcvr_native_inst|inst_av_pma|av_rx_pma|rx_pmas[0].rx_pma.rx_cdr|clk90bdes'
Slack : 0.416
TNS   : 0.000

Type  : Fast 1100mV 85C Model Minimum Pulse Width 'dac1|custom_phy_dac_inst|A5|transceiver_core|gen.av_xcvr_native_insts[0].gen_tx_plls.gen_tx_plls.tx_plls|pll[0].pll.cmu_pll.tx_pll|clkcdr'
Slack : 0.520
TNS   : 0.000

Type  : Fast 1100mV 85C Model Minimum Pulse Width 'pll_96_dac1|pll_96_48_inst|altera_pll_i|general[0].gpll~FRACTIONAL_PLL|vcoph[0]'
Slack : 1.041
TNS   : 0.000

Type  : Fast 1100mV 85C Model Minimum Pulse Width 'pll_1|altera_pll_i|general[0].gpll~FRACTIONAL_PLL|vcoph[0]'
Slack : 1.332
TNS   : 0.000

Type  : Fast 1100mV 85C Model Minimum Pulse Width 'REF3'
Slack : 1.357
TNS   : 0.000

Type  : Fast 1100mV 85C Model Minimum Pulse Width 'adc1_phy|custom_phy_4line_inst|A5|transceiver_core|gen.av_xcvr_native_insts[0].gen_bonded_group.av_xcvr_native_inst|inst_av_pma|av_rx_pma|rx_pmas[0].rx_pma.rx_pma_deser|clk90b'
Slack : 2.074
TNS   : 0.000

Type  : Fast 1100mV 85C Model Minimum Pulse Width 'adc1_phy|custom_phy_4line_inst|A5|transceiver_core|gen.av_xcvr_native_insts[1].gen_bonded_group.av_xcvr_native_inst|inst_av_pma|av_rx_pma|rx_pmas[0].rx_pma.rx_pma_deser|clk90b'
Slack : 2.074
TNS   : 0.000

Type  : Fast 1100mV 85C Model Minimum Pulse Width 'adc1_phy|custom_phy_4line_inst|A5|transceiver_core|gen.av_xcvr_native_insts[2].gen_bonded_group.av_xcvr_native_inst|inst_av_pma|av_rx_pma|rx_pmas[0].rx_pma.rx_pma_deser|clk90b'
Slack : 2.074
TNS   : 0.000

Type  : Fast 1100mV 85C Model Minimum Pulse Width 'adc1_phy|custom_phy_4line_inst|A5|transceiver_core|gen.av_xcvr_native_insts[3].gen_bonded_group.av_xcvr_native_inst|inst_av_pma|av_rx_pma|rx_pmas[0].rx_pma.rx_pma_deser|clk90b'
Slack : 2.074
TNS   : 0.000

Type  : Fast 1100mV 85C Model Minimum Pulse Width 'adc2_phy|custom_phy_4line_inst|A5|transceiver_core|gen.av_xcvr_native_insts[0].gen_bonded_group.av_xcvr_native_inst|inst_av_pma|av_rx_pma|rx_pmas[0].rx_pma.rx_pma_deser|clk90b'
Slack : 2.074
TNS   : 0.000

Type  : Fast 1100mV 85C Model Minimum Pulse Width 'adc2_phy|custom_phy_4line_inst|A5|transceiver_core|gen.av_xcvr_native_insts[1].gen_bonded_group.av_xcvr_native_inst|inst_av_pma|av_rx_pma|rx_pmas[0].rx_pma.rx_pma_deser|clk90b'
Slack : 2.074
TNS   : 0.000

Type  : Fast 1100mV 85C Model Minimum Pulse Width 'adc2_phy|custom_phy_4line_inst|A5|transceiver_core|gen.av_xcvr_native_insts[2].gen_bonded_group.av_xcvr_native_inst|inst_av_pma|av_rx_pma|rx_pmas[0].rx_pma.rx_pma_deser|clk90b'
Slack : 2.074
TNS   : 0.000

Type  : Fast 1100mV 85C Model Minimum Pulse Width 'adc2_phy|custom_phy_4line_inst|A5|transceiver_core|gen.av_xcvr_native_insts[3].gen_bonded_group.av_xcvr_native_inst|inst_av_pma|av_rx_pma|rx_pmas[0].rx_pma.rx_pma_deser|clk90b'
Slack : 2.074
TNS   : 0.000

Type  : Fast 1100mV 85C Model Minimum Pulse Width 'dac1|custom_phy_dac_inst|A5|transceiver_core|gen.av_xcvr_native_insts[0].gen_bonded_group.av_xcvr_native_inst|inst_av_pma|av_tx_pma|tx_pma_insts[0].av_tx_pma_ch_inst|tx_pma_ch.tx_cgb|lfclkp'
Slack : 2.599
TNS   : 0.000

Type  : Fast 1100mV 85C Model Minimum Pulse Width 'dac1|custom_phy_dac_inst|A5|transceiver_core|gen.av_xcvr_native_insts[1].gen_bonded_group.av_xcvr_native_inst|inst_av_pma|av_tx_pma|tx_pma_insts[0].av_tx_pma_ch_inst|tx_pma_ch.tx_cgb|lfclkp'
Slack : 2.599
TNS   : 0.000

Type  : Fast 1100mV 85C Model Minimum Pulse Width 'pll_1|altera_pll_i|general[0].gpll~PLL_OUTPUT_COUNTER|divclk'
Slack : 3.213
TNS   : 0.000

Type  : Fast 1100mV 85C Model Minimum Pulse Width 'adc1_phy|custom_phy_4line_inst|A5|transceiver_core|gen.av_xcvr_native_insts[0].gen_bonded_group.av_xcvr_native_inst|inst_av_pcs|ch[0].inst_av_pcs_ch|inst_av_hssi_8g_rx_pcs|wys|rcvdclkpma'
Slack : 4.161
TNS   : 0.000

Type  : Fast 1100mV 85C Model Minimum Pulse Width 'adc1_phy|custom_phy_4line_inst|A5|transceiver_core|gen.av_xcvr_native_insts[1].gen_bonded_group.av_xcvr_native_inst|inst_av_pcs|ch[0].inst_av_pcs_ch|inst_av_hssi_8g_rx_pcs|wys|rcvdclkpma'
Slack : 4.161
TNS   : 0.000

Type  : Fast 1100mV 85C Model Minimum Pulse Width 'adc1_phy|custom_phy_4line_inst|A5|transceiver_core|gen.av_xcvr_native_insts[2].gen_bonded_group.av_xcvr_native_inst|inst_av_pcs|ch[0].inst_av_pcs_ch|inst_av_hssi_8g_rx_pcs|wys|rcvdclkpma'
Slack : 4.161
TNS   : 0.000

Type  : Fast 1100mV 85C Model Minimum Pulse Width 'adc1_phy|custom_phy_4line_inst|A5|transceiver_core|gen.av_xcvr_native_insts[3].gen_bonded_group.av_xcvr_native_inst|inst_av_pcs|ch[0].inst_av_pcs_ch|inst_av_hssi_8g_rx_pcs|wys|rcvdclkpma'
Slack : 4.161
TNS   : 0.000

Type  : Fast 1100mV 85C Model Minimum Pulse Width 'adc2_phy|custom_phy_4line_inst|A5|transceiver_core|gen.av_xcvr_native_insts[0].gen_bonded_group.av_xcvr_native_inst|inst_av_pcs|ch[0].inst_av_pcs_ch|inst_av_hssi_8g_rx_pcs|wys|rcvdclkpma'
Slack : 4.161
TNS   : 0.000

Type  : Fast 1100mV 85C Model Minimum Pulse Width 'adc2_phy|custom_phy_4line_inst|A5|transceiver_core|gen.av_xcvr_native_insts[1].gen_bonded_group.av_xcvr_native_inst|inst_av_pcs|ch[0].inst_av_pcs_ch|inst_av_hssi_8g_rx_pcs|wys|rcvdclkpma'
Slack : 4.161
TNS   : 0.000

Type  : Fast 1100mV 85C Model Minimum Pulse Width 'adc2_phy|custom_phy_4line_inst|A5|transceiver_core|gen.av_xcvr_native_insts[2].gen_bonded_group.av_xcvr_native_inst|inst_av_pcs|ch[0].inst_av_pcs_ch|inst_av_hssi_8g_rx_pcs|wys|rcvdclkpma'
Slack : 4.161
TNS   : 0.000

Type  : Fast 1100mV 85C Model Minimum Pulse Width 'adc2_phy|custom_phy_4line_inst|A5|transceiver_core|gen.av_xcvr_native_insts[3].gen_bonded_group.av_xcvr_native_inst|inst_av_pcs|ch[0].inst_av_pcs_ch|inst_av_hssi_8g_rx_pcs|wys|rcvdclkpma'
Slack : 4.161
TNS   : 0.000

Type  : Fast 1100mV 85C Model Minimum Pulse Width 'pll_96_dac1|pll_96_48_inst|altera_pll_i|general[0].gpll~PLL_OUTPUT_COUNTER|divclk'
Slack : 4.414
TNS   : 0.000

Type  : Fast 1100mV 85C Model Minimum Pulse Width 'dac1|custom_phy_dac_inst|A5|transceiver_core|gen.av_xcvr_native_insts[1].gen_bonded_group.av_xcvr_native_inst|inst_av_pcs|ch[0].inst_av_pcs_ch|inst_av_hssi_8g_tx_pcs|wys|txpmalocalclk'
Slack : 5.064
TNS   : 0.000

Type  : Fast 1100mV 85C Model Minimum Pulse Width 'dac1|custom_phy_dac_inst|A5|transceiver_core|gen.av_xcvr_native_insts[0].gen_bonded_group.av_xcvr_native_inst|inst_av_pcs|ch[0].inst_av_pcs_ch|inst_av_hssi_8g_tx_pcs|wys|txpmalocalclk'
Slack : 5.067
TNS   : 0.000

Type  : Fast 1100mV 85C Model Minimum Pulse Width 'pll_96_dac1|pll_96_48_inst|altera_pll_i|general[1].gpll~PLL_OUTPUT_COUNTER|divclk'
Slack : 9.615
TNS   : 0.000

Type  : Fast 1100mV 0C Model Setup 'pll_1|altera_pll_i|general[0].gpll~PLL_OUTPUT_COUNTER|divclk'
Slack : -2.260
TNS   : -251.229

Type  : Fast 1100mV 0C Model Setup 'dac2|custom_phy_dac_inst|A5|transceiver_core|gen.av_xcvr_native_insts[0].gen_tx_plls.gen_tx_plls.tx_plls|pll[0].pll.cmu_pll.tx_pll|clkcdr'
Slack : -2.092
TNS   : -46.113

Type  : Fast 1100mV 0C Model Setup 'pll_96_dac1|pll_96_48_inst|altera_pll_i|general[0].gpll~PLL_OUTPUT_COUNTER|divclk'
Slack : -1.339
TNS   : -98.446

Type  : Fast 1100mV 0C Model Setup 'pll240_120_ADC1|altera_pll_i|general[0].gpll~FRACTIONAL_PLL|vcoph[0]'
Slack : -0.357
TNS   : -4.186

Type  : Fast 1100mV 0C Model Setup 'dac1|custom_phy_dac_inst|A5|transceiver_core|gen.av_xcvr_native_insts[1].gen_bonded_group.av_xcvr_native_inst|inst_av_pcs|ch[0].inst_av_pcs_ch|inst_av_hssi_8g_tx_pcs|wys|txpmalocalclk'
Slack : 8.227
TNS   : 0.000

Type  : Fast 1100mV 0C Model Setup 'dac1|custom_phy_dac_inst|A5|transceiver_core|gen.av_xcvr_native_insts[0].gen_bonded_group.av_xcvr_native_inst|inst_av_pcs|ch[0].inst_av_pcs_ch|inst_av_hssi_8g_tx_pcs|wys|txpmalocalclk'
Slack : 8.547
TNS   : 0.000

Type  : Fast 1100mV 0C Model Setup 'pll_96_dac1|pll_96_48_inst|altera_pll_i|general[1].gpll~PLL_OUTPUT_COUNTER|divclk'
Slack : 9.898
TNS   : 0.000

Type  : Fast 1100mV 0C Model Hold 'dac2|custom_phy_dac_inst|A5|transceiver_core|gen.av_xcvr_native_insts[0].gen_tx_plls.gen_tx_plls.tx_plls|pll[0].pll.cmu_pll.tx_pll|clkcdr'
Slack : -0.003
TNS   : -0.003

Type  : Fast 1100mV 0C Model Hold 'pll_96_dac1|pll_96_48_inst|altera_pll_i|general[0].gpll~PLL_OUTPUT_COUNTER|divclk'
Slack : 0.061
TNS   : 0.000

Type  : Fast 1100mV 0C Model Hold 'pll_96_dac1|pll_96_48_inst|altera_pll_i|general[1].gpll~PLL_OUTPUT_COUNTER|divclk'
Slack : 0.105
TNS   : 0.000

Type  : Fast 1100mV 0C Model Hold 'dac1|custom_phy_dac_inst|A5|transceiver_core|gen.av_xcvr_native_insts[0].gen_bonded_group.av_xcvr_native_inst|inst_av_pcs|ch[0].inst_av_pcs_ch|inst_av_hssi_8g_tx_pcs|wys|txpmalocalclk'
Slack : 0.123
TNS   : 0.000

Type  : Fast 1100mV 0C Model Hold 'pll240_120_ADC1|altera_pll_i|general[0].gpll~FRACTIONAL_PLL|vcoph[0]'
Slack : 0.124
TNS   : 0.000

Type  : Fast 1100mV 0C Model Hold 'pll_1|altera_pll_i|general[0].gpll~PLL_OUTPUT_COUNTER|divclk'
Slack : 0.143
TNS   : 0.000

Type  : Fast 1100mV 0C Model Hold 'dac1|custom_phy_dac_inst|A5|transceiver_core|gen.av_xcvr_native_insts[1].gen_bonded_group.av_xcvr_native_inst|inst_av_pcs|ch[0].inst_av_pcs_ch|inst_av_hssi_8g_tx_pcs|wys|txpmalocalclk'
Slack : 0.205
TNS   : 0.000

Type  : Fast 1100mV 0C Model Recovery 'pll_96_dac1|pll_96_48_inst|altera_pll_i|general[0].gpll~PLL_OUTPUT_COUNTER|divclk'
Slack : 8.965
TNS   : 0.000

Type  : Fast 1100mV 0C Model Removal 'pll_96_dac1|pll_96_48_inst|altera_pll_i|general[0].gpll~PLL_OUTPUT_COUNTER|divclk'
Slack : 0.284
TNS   : 0.000

Type  : Fast 1100mV 0C Model Minimum Pulse Width 'pll240_120_ADC1|altera_pll_i|general[0].gpll~FRACTIONAL_PLL|vcoph[0]'
Slack : -1.092
TNS   : -408.962

Type  : Fast 1100mV 0C Model Minimum Pulse Width 'dac2|custom_phy_dac_inst|A5|transceiver_core|gen.av_xcvr_native_insts[0].gen_tx_plls.gen_tx_plls.tx_plls|pll[0].pll.cmu_pll.tx_pll|clkcdr'
Slack : 0.208
TNS   : 0.000

Type  : Fast 1100mV 0C Model Minimum Pulse Width 'adc1_phy|custom_phy_4line_inst|A5|transceiver_core|gen.av_xcvr_native_insts[0].gen_bonded_group.av_xcvr_native_inst|inst_av_pma|av_rx_pma|rx_pmas[0].rx_pma.rx_cdr|clk90bdes'
Slack : 0.416
TNS   : 0.000

Type  : Fast 1100mV 0C Model Minimum Pulse Width 'adc1_phy|custom_phy_4line_inst|A5|transceiver_core|gen.av_xcvr_native_insts[1].gen_bonded_group.av_xcvr_native_inst|inst_av_pma|av_rx_pma|rx_pmas[0].rx_pma.rx_cdr|clk90bdes'
Slack : 0.416
TNS   : 0.000

Type  : Fast 1100mV 0C Model Minimum Pulse Width 'adc1_phy|custom_phy_4line_inst|A5|transceiver_core|gen.av_xcvr_native_insts[2].gen_bonded_group.av_xcvr_native_inst|inst_av_pma|av_rx_pma|rx_pmas[0].rx_pma.rx_cdr|clk90bdes'
Slack : 0.416
TNS   : 0.000

Type  : Fast 1100mV 0C Model Minimum Pulse Width 'adc1_phy|custom_phy_4line_inst|A5|transceiver_core|gen.av_xcvr_native_insts[3].gen_bonded_group.av_xcvr_native_inst|inst_av_pma|av_rx_pma|rx_pmas[0].rx_pma.rx_cdr|clk90bdes'
Slack : 0.416
TNS   : 0.000

Type  : Fast 1100mV 0C Model Minimum Pulse Width 'adc2_phy|custom_phy_4line_inst|A5|transceiver_core|gen.av_xcvr_native_insts[0].gen_bonded_group.av_xcvr_native_inst|inst_av_pma|av_rx_pma|rx_pmas[0].rx_pma.rx_cdr|clk90bdes'
Slack : 0.416
TNS   : 0.000

Type  : Fast 1100mV 0C Model Minimum Pulse Width 'adc2_phy|custom_phy_4line_inst|A5|transceiver_core|gen.av_xcvr_native_insts[1].gen_bonded_group.av_xcvr_native_inst|inst_av_pma|av_rx_pma|rx_pmas[0].rx_pma.rx_cdr|clk90bdes'
Slack : 0.416
TNS   : 0.000

Type  : Fast 1100mV 0C Model Minimum Pulse Width 'adc2_phy|custom_phy_4line_inst|A5|transceiver_core|gen.av_xcvr_native_insts[2].gen_bonded_group.av_xcvr_native_inst|inst_av_pma|av_rx_pma|rx_pmas[0].rx_pma.rx_cdr|clk90bdes'
Slack : 0.416
TNS   : 0.000

Type  : Fast 1100mV 0C Model Minimum Pulse Width 'adc2_phy|custom_phy_4line_inst|A5|transceiver_core|gen.av_xcvr_native_insts[3].gen_bonded_group.av_xcvr_native_inst|inst_av_pma|av_rx_pma|rx_pmas[0].rx_pma.rx_cdr|clk90bdes'
Slack : 0.416
TNS   : 0.000

Type  : Fast 1100mV 0C Model Minimum Pulse Width 'dac1|custom_phy_dac_inst|A5|transceiver_core|gen.av_xcvr_native_insts[0].gen_tx_plls.gen_tx_plls.tx_plls|pll[0].pll.cmu_pll.tx_pll|clkcdr'
Slack : 0.520
TNS   : 0.000

Type  : Fast 1100mV 0C Model Minimum Pulse Width 'pll_96_dac1|pll_96_48_inst|altera_pll_i|general[0].gpll~FRACTIONAL_PLL|vcoph[0]'
Slack : 1.041
TNS   : 0.000

Type  : Fast 1100mV 0C Model Minimum Pulse Width 'pll_1|altera_pll_i|general[0].gpll~FRACTIONAL_PLL|vcoph[0]'
Slack : 1.332
TNS   : 0.000

Type  : Fast 1100mV 0C Model Minimum Pulse Width 'REF3'
Slack : 1.357
TNS   : 0.000

Type  : Fast 1100mV 0C Model Minimum Pulse Width 'adc1_phy|custom_phy_4line_inst|A5|transceiver_core|gen.av_xcvr_native_insts[0].gen_bonded_group.av_xcvr_native_inst|inst_av_pma|av_rx_pma|rx_pmas[0].rx_pma.rx_pma_deser|clk90b'
Slack : 2.076
TNS   : 0.000

Type  : Fast 1100mV 0C Model Minimum Pulse Width 'adc1_phy|custom_phy_4line_inst|A5|transceiver_core|gen.av_xcvr_native_insts[1].gen_bonded_group.av_xcvr_native_inst|inst_av_pma|av_rx_pma|rx_pmas[0].rx_pma.rx_pma_deser|clk90b'
Slack : 2.076
TNS   : 0.000

Type  : Fast 1100mV 0C Model Minimum Pulse Width 'adc1_phy|custom_phy_4line_inst|A5|transceiver_core|gen.av_xcvr_native_insts[2].gen_bonded_group.av_xcvr_native_inst|inst_av_pma|av_rx_pma|rx_pmas[0].rx_pma.rx_pma_deser|clk90b'
Slack : 2.076
TNS   : 0.000

Type  : Fast 1100mV 0C Model Minimum Pulse Width 'adc1_phy|custom_phy_4line_inst|A5|transceiver_core|gen.av_xcvr_native_insts[3].gen_bonded_group.av_xcvr_native_inst|inst_av_pma|av_rx_pma|rx_pmas[0].rx_pma.rx_pma_deser|clk90b'
Slack : 2.076
TNS   : 0.000

Type  : Fast 1100mV 0C Model Minimum Pulse Width 'adc2_phy|custom_phy_4line_inst|A5|transceiver_core|gen.av_xcvr_native_insts[0].gen_bonded_group.av_xcvr_native_inst|inst_av_pma|av_rx_pma|rx_pmas[0].rx_pma.rx_pma_deser|clk90b'
Slack : 2.076
TNS   : 0.000

Type  : Fast 1100mV 0C Model Minimum Pulse Width 'adc2_phy|custom_phy_4line_inst|A5|transceiver_core|gen.av_xcvr_native_insts[1].gen_bonded_group.av_xcvr_native_inst|inst_av_pma|av_rx_pma|rx_pmas[0].rx_pma.rx_pma_deser|clk90b'
Slack : 2.076
TNS   : 0.000

Type  : Fast 1100mV 0C Model Minimum Pulse Width 'adc2_phy|custom_phy_4line_inst|A5|transceiver_core|gen.av_xcvr_native_insts[2].gen_bonded_group.av_xcvr_native_inst|inst_av_pma|av_rx_pma|rx_pmas[0].rx_pma.rx_pma_deser|clk90b'
Slack : 2.076
TNS   : 0.000

Type  : Fast 1100mV 0C Model Minimum Pulse Width 'adc2_phy|custom_phy_4line_inst|A5|transceiver_core|gen.av_xcvr_native_insts[3].gen_bonded_group.av_xcvr_native_inst|inst_av_pma|av_rx_pma|rx_pmas[0].rx_pma.rx_pma_deser|clk90b'
Slack : 2.076
TNS   : 0.000

Type  : Fast 1100mV 0C Model Minimum Pulse Width 'dac1|custom_phy_dac_inst|A5|transceiver_core|gen.av_xcvr_native_insts[0].gen_bonded_group.av_xcvr_native_inst|inst_av_pma|av_tx_pma|tx_pma_insts[0].av_tx_pma_ch_inst|tx_pma_ch.tx_cgb|lfclkp'
Slack : 2.600
TNS   : 0.000

Type  : Fast 1100mV 0C Model Minimum Pulse Width 'dac1|custom_phy_dac_inst|A5|transceiver_core|gen.av_xcvr_native_insts[1].gen_bonded_group.av_xcvr_native_inst|inst_av_pma|av_tx_pma|tx_pma_insts[0].av_tx_pma_ch_inst|tx_pma_ch.tx_cgb|lfclkp'
Slack : 2.600
TNS   : 0.000

Type  : Fast 1100mV 0C Model Minimum Pulse Width 'pll_1|altera_pll_i|general[0].gpll~PLL_OUTPUT_COUNTER|divclk'
Slack : 3.212
TNS   : 0.000

Type  : Fast 1100mV 0C Model Minimum Pulse Width 'adc1_phy|custom_phy_4line_inst|A5|transceiver_core|gen.av_xcvr_native_insts[0].gen_bonded_group.av_xcvr_native_inst|inst_av_pcs|ch[0].inst_av_pcs_ch|inst_av_hssi_8g_rx_pcs|wys|rcvdclkpma'
Slack : 4.163
TNS   : 0.000

Type  : Fast 1100mV 0C Model Minimum Pulse Width 'adc1_phy|custom_phy_4line_inst|A5|transceiver_core|gen.av_xcvr_native_insts[1].gen_bonded_group.av_xcvr_native_inst|inst_av_pcs|ch[0].inst_av_pcs_ch|inst_av_hssi_8g_rx_pcs|wys|rcvdclkpma'
Slack : 4.163
TNS   : 0.000

Type  : Fast 1100mV 0C Model Minimum Pulse Width 'adc1_phy|custom_phy_4line_inst|A5|transceiver_core|gen.av_xcvr_native_insts[2].gen_bonded_group.av_xcvr_native_inst|inst_av_pcs|ch[0].inst_av_pcs_ch|inst_av_hssi_8g_rx_pcs|wys|rcvdclkpma'
Slack : 4.163
TNS   : 0.000

Type  : Fast 1100mV 0C Model Minimum Pulse Width 'adc1_phy|custom_phy_4line_inst|A5|transceiver_core|gen.av_xcvr_native_insts[3].gen_bonded_group.av_xcvr_native_inst|inst_av_pcs|ch[0].inst_av_pcs_ch|inst_av_hssi_8g_rx_pcs|wys|rcvdclkpma'
Slack : 4.163
TNS   : 0.000

Type  : Fast 1100mV 0C Model Minimum Pulse Width 'adc2_phy|custom_phy_4line_inst|A5|transceiver_core|gen.av_xcvr_native_insts[0].gen_bonded_group.av_xcvr_native_inst|inst_av_pcs|ch[0].inst_av_pcs_ch|inst_av_hssi_8g_rx_pcs|wys|rcvdclkpma'
Slack : 4.163
TNS   : 0.000

Type  : Fast 1100mV 0C Model Minimum Pulse Width 'adc2_phy|custom_phy_4line_inst|A5|transceiver_core|gen.av_xcvr_native_insts[1].gen_bonded_group.av_xcvr_native_inst|inst_av_pcs|ch[0].inst_av_pcs_ch|inst_av_hssi_8g_rx_pcs|wys|rcvdclkpma'
Slack : 4.163
TNS   : 0.000

Type  : Fast 1100mV 0C Model Minimum Pulse Width 'adc2_phy|custom_phy_4line_inst|A5|transceiver_core|gen.av_xcvr_native_insts[2].gen_bonded_group.av_xcvr_native_inst|inst_av_pcs|ch[0].inst_av_pcs_ch|inst_av_hssi_8g_rx_pcs|wys|rcvdclkpma'
Slack : 4.163
TNS   : 0.000

Type  : Fast 1100mV 0C Model Minimum Pulse Width 'adc2_phy|custom_phy_4line_inst|A5|transceiver_core|gen.av_xcvr_native_insts[3].gen_bonded_group.av_xcvr_native_inst|inst_av_pcs|ch[0].inst_av_pcs_ch|inst_av_hssi_8g_rx_pcs|wys|rcvdclkpma'
Slack : 4.163
TNS   : 0.000

Type  : Fast 1100mV 0C Model Minimum Pulse Width 'pll_96_dac1|pll_96_48_inst|altera_pll_i|general[0].gpll~PLL_OUTPUT_COUNTER|divclk'
Slack : 4.412
TNS   : 0.000

Type  : Fast 1100mV 0C Model Minimum Pulse Width 'dac1|custom_phy_dac_inst|A5|transceiver_core|gen.av_xcvr_native_insts[0].gen_bonded_group.av_xcvr_native_inst|inst_av_pcs|ch[0].inst_av_pcs_ch|inst_av_hssi_8g_tx_pcs|wys|txpmalocalclk'
Slack : 5.065
TNS   : 0.000

Type  : Fast 1100mV 0C Model Minimum Pulse Width 'dac1|custom_phy_dac_inst|A5|transceiver_core|gen.av_xcvr_native_insts[1].gen_bonded_group.av_xcvr_native_inst|inst_av_pcs|ch[0].inst_av_pcs_ch|inst_av_hssi_8g_tx_pcs|wys|txpmalocalclk'
Slack : 5.065
TNS   : 0.000

Type  : Fast 1100mV 0C Model Minimum Pulse Width 'pll_96_dac1|pll_96_48_inst|altera_pll_i|general[1].gpll~PLL_OUTPUT_COUNTER|divclk'
Slack : 9.615
TNS   : 0.000

------------------------------------------------------------
