------------------------------------------------------------
Timing Analyzer Summary
------------------------------------------------------------

Type  : Slow 1100mV 85C Model Setup 'pll_96_0002:pll_96_dac1|altera_pll:altera_pll_i|general[0].gpll~FRACTIONAL_PLL_O_VCOPH0'
Slack : -3.188
TNS   : -2167.807

Type  : Slow 1100mV 85C Model Setup 'pll_240_120_0002:pll240_120_ADC1|altera_pll:altera_pll_i|outclk_wire[0]'
Slack : -2.624
TNS   : -9.521

Type  : Slow 1100mV 85C Model Setup 'pll_240_120_0002:pll240_120_ADC1|altera_pll:altera_pll_i|outclk_wire[1]'
Slack : -2.466
TNS   : -4.878

Type  : Slow 1100mV 85C Model Setup 'pll_0002:pll_1|altera_pll:altera_pll_i|outclk_wire[0]'
Slack : -1.416
TNS   : -15.215

Type  : Slow 1100mV 85C Model Setup 'pll_125_0002:pll_125_eth0|altera_pll:altera_pll_i|general[0].gpll~FRACTIONAL_PLL_O_VCOPH0'
Slack : -0.981
TNS   : -314.335

Type  : Slow 1100mV 85C Model Hold 'pll_96_0002:pll_96_dac1|altera_pll:altera_pll_i|general[0].gpll~FRACTIONAL_PLL_O_VCOPH0'
Slack : -0.114
TNS   : -0.383

Type  : Slow 1100mV 85C Model Hold 'pll_125_0002:pll_125_eth0|altera_pll:altera_pll_i|general[0].gpll~FRACTIONAL_PLL_O_VCOPH0'
Slack : 0.222
TNS   : 0.000

Type  : Slow 1100mV 85C Model Hold 'pll_240_120_0002:pll240_120_ADC1|altera_pll:altera_pll_i|outclk_wire[1]'
Slack : 0.239
TNS   : 0.000

Type  : Slow 1100mV 85C Model Hold 'pll_0002:pll_1|altera_pll:altera_pll_i|outclk_wire[0]'
Slack : 0.240
TNS   : 0.000

Type  : Slow 1100mV 85C Model Hold 'pll_240_120_0002:pll240_120_ADC1|altera_pll:altera_pll_i|outclk_wire[0]'
Slack : 0.408
TNS   : 0.000

Type  : Slow 1100mV 85C Model Recovery 'pll_96_0002:pll_96_dac1|altera_pll:altera_pll_i|general[0].gpll~FRACTIONAL_PLL_O_VCOPH0'
Slack : -0.307
TNS   : -108.082

Type  : Slow 1100mV 85C Model Recovery 'pll_125_0002:pll_125_eth0|altera_pll:altera_pll_i|general[0].gpll~FRACTIONAL_PLL_O_VCOPH0'
Slack : 0.015
TNS   : 0.000

Type  : Slow 1100mV 85C Model Recovery 'pll_0002:pll_1|altera_pll:altera_pll_i|outclk_wire[0]'
Slack : 4.618
TNS   : 0.000

Type  : Slow 1100mV 85C Model Removal 'pll_125_0002:pll_125_eth0|altera_pll:altera_pll_i|general[0].gpll~FRACTIONAL_PLL_O_VCOPH0'
Slack : 0.439
TNS   : 0.000

Type  : Slow 1100mV 85C Model Removal 'pll_0002:pll_1|altera_pll:altera_pll_i|outclk_wire[0]'
Slack : 0.545
TNS   : 0.000

Type  : Slow 1100mV 85C Model Removal 'pll_96_0002:pll_96_dac1|altera_pll:altera_pll_i|general[0].gpll~FRACTIONAL_PLL_O_VCOPH0'
Slack : 0.885
TNS   : 0.000

Type  : Slow 1100mV 85C Model Minimum Pulse Width 'pll_96_0002:pll_96_dac1|altera_pll:altera_pll_i|general[0].gpll~FRACTIONAL_PLL_O_VCOPH0'
Slack : -1.451
TNS   : -19.401

Type  : Slow 1100mV 85C Model Minimum Pulse Width 'pll_125_0002:pll_125_eth0|altera_pll:altera_pll_i|general[0].gpll~FRACTIONAL_PLL_O_VCOPH0'
Slack : -0.868
TNS   : -1.736

Type  : Slow 1100mV 85C Model Minimum Pulse Width 'custom_phy_4line:adc1_phy|altera_xcvr_custom:custom_phy_4line_inst|av_xcvr_custom_nr:A5|av_xcvr_custom_native:transceiver_core|av_xcvr_native:gen.av_xcvr_native_insts[0].gen_bonded_group.av_xcvr_native_inst|av_pma:inst_av_pma|av_rx_pma:av_rx_pma|rx_pmas[0].rx_pma.wire_cdr_to_deser_clk'
Slack : 0.416
TNS   : 0.000

Type  : Slow 1100mV 85C Model Minimum Pulse Width 'custom_phy_4line:adc1_phy|altera_xcvr_custom:custom_phy_4line_inst|av_xcvr_custom_nr:A5|av_xcvr_custom_native:transceiver_core|av_xcvr_native:gen.av_xcvr_native_insts[1].gen_bonded_group.av_xcvr_native_inst|av_pma:inst_av_pma|av_rx_pma:av_rx_pma|rx_pmas[0].rx_pma.wire_cdr_to_deser_clk'
Slack : 0.416
TNS   : 0.000

Type  : Slow 1100mV 85C Model Minimum Pulse Width 'custom_phy_4line:adc1_phy|altera_xcvr_custom:custom_phy_4line_inst|av_xcvr_custom_nr:A5|av_xcvr_custom_native:transceiver_core|av_xcvr_native:gen.av_xcvr_native_insts[2].gen_bonded_group.av_xcvr_native_inst|av_pma:inst_av_pma|av_rx_pma:av_rx_pma|rx_pmas[0].rx_pma.wire_cdr_to_deser_clk'
Slack : 0.416
TNS   : 0.000

Type  : Slow 1100mV 85C Model Minimum Pulse Width 'custom_phy_4line:adc1_phy|altera_xcvr_custom:custom_phy_4line_inst|av_xcvr_custom_nr:A5|av_xcvr_custom_native:transceiver_core|av_xcvr_native:gen.av_xcvr_native_insts[3].gen_bonded_group.av_xcvr_native_inst|av_pma:inst_av_pma|av_rx_pma:av_rx_pma|rx_pmas[0].rx_pma.wire_cdr_to_deser_clk'
Slack : 0.416
TNS   : 0.000

Type  : Slow 1100mV 85C Model Minimum Pulse Width 'custom_phy_4line:adc2_phy|altera_xcvr_custom:custom_phy_4line_inst|av_xcvr_custom_nr:A5|av_xcvr_custom_native:transceiver_core|av_xcvr_native:gen.av_xcvr_native_insts[0].gen_bonded_group.av_xcvr_native_inst|av_pma:inst_av_pma|av_rx_pma:av_rx_pma|rx_pmas[0].rx_pma.wire_cdr_to_deser_clk'
Slack : 0.416
TNS   : 0.000

Type  : Slow 1100mV 85C Model Minimum Pulse Width 'custom_phy_4line:adc2_phy|altera_xcvr_custom:custom_phy_4line_inst|av_xcvr_custom_nr:A5|av_xcvr_custom_native:transceiver_core|av_xcvr_native:gen.av_xcvr_native_insts[1].gen_bonded_group.av_xcvr_native_inst|av_pma:inst_av_pma|av_rx_pma:av_rx_pma|rx_pmas[0].rx_pma.wire_cdr_to_deser_clk'
Slack : 0.416
TNS   : 0.000

Type  : Slow 1100mV 85C Model Minimum Pulse Width 'custom_phy_4line:adc2_phy|altera_xcvr_custom:custom_phy_4line_inst|av_xcvr_custom_nr:A5|av_xcvr_custom_native:transceiver_core|av_xcvr_native:gen.av_xcvr_native_insts[2].gen_bonded_group.av_xcvr_native_inst|av_pma:inst_av_pma|av_rx_pma:av_rx_pma|rx_pmas[0].rx_pma.wire_cdr_to_deser_clk'
Slack : 0.416
TNS   : 0.000

Type  : Slow 1100mV 85C Model Minimum Pulse Width 'custom_phy_4line:adc2_phy|altera_xcvr_custom:custom_phy_4line_inst|av_xcvr_custom_nr:A5|av_xcvr_custom_native:transceiver_core|av_xcvr_native:gen.av_xcvr_native_insts[3].gen_bonded_group.av_xcvr_native_inst|av_pma:inst_av_pma|av_rx_pma:av_rx_pma|rx_pmas[0].rx_pma.wire_cdr_to_deser_clk'
Slack : 0.416
TNS   : 0.000

Type  : Slow 1100mV 85C Model Minimum Pulse Width 'eth_1g_top:eth1|eth1_0002:eth_full1_inst|altera_xcvr_custom:i_custom_phyip_0|av_xcvr_custom_nr:A5|av_xcvr_custom_native:transceiver_core|av_xcvr_native:gen.av_xcvr_native_insts[0].gen_bonded_group.av_xcvr_native_inst|av_pma:inst_av_pma|av_rx_pma:av_rx_pma|rx_pmas[0].rx_pma.wire_cdr_to_deser_clk'
Slack : 0.800
TNS   : 0.000

Type  : Slow 1100mV 85C Model Minimum Pulse Width 'eth_1g_top:eth2|eth1_0002:eth_full1_inst|altera_xcvr_custom:i_custom_phyip_0|av_xcvr_custom_nr:A5|av_xcvr_custom_native:transceiver_core|av_xcvr_native:gen.av_xcvr_native_insts[0].gen_bonded_group.av_xcvr_native_inst|av_pma:inst_av_pma|av_rx_pma:av_rx_pma|rx_pmas[0].rx_pma.wire_cdr_to_deser_clk'
Slack : 0.800
TNS   : 0.000

Type  : Slow 1100mV 85C Model Minimum Pulse Width 'pll_240_120_0002:pll240_120_ADC1|altera_pll:altera_pll_i|general[0].gpll~FRACTIONAL_PLL_O_VCOPH0'
Slack : 1.041
TNS   : 0.000

Type  : Slow 1100mV 85C Model Minimum Pulse Width 'pll_240_120_0002:pll240_120_ADC1|altera_pll:altera_pll_i|outclk_wire[0]'
Slack : 1.279
TNS   : 0.000

Type  : Slow 1100mV 85C Model Minimum Pulse Width 'pll_0002:pll_1|altera_pll:altera_pll_i|general[0].gpll~FRACTIONAL_PLL_O_VCOPH0'
Slack : 1.332
TNS   : 0.000

Type  : Slow 1100mV 85C Model Minimum Pulse Width 'REF3'
Slack : 1.370
TNS   : 0.000

Type  : Slow 1100mV 85C Model Minimum Pulse Width 'adc1_phy|custom_phy_4line_inst|A5|transceiver_core|gen.av_xcvr_native_insts[0].gen_bonded_group.av_xcvr_native_inst|inst_av_pma|av_rx_pma|rx_pmas[0].rx_pma.rx_pma_deser|clk90b'
Slack : 2.068
TNS   : 0.000

Type  : Slow 1100mV 85C Model Minimum Pulse Width 'adc1_phy|custom_phy_4line_inst|A5|transceiver_core|gen.av_xcvr_native_insts[1].gen_bonded_group.av_xcvr_native_inst|inst_av_pma|av_rx_pma|rx_pmas[0].rx_pma.rx_pma_deser|clk90b'
Slack : 2.068
TNS   : 0.000

Type  : Slow 1100mV 85C Model Minimum Pulse Width 'adc1_phy|custom_phy_4line_inst|A5|transceiver_core|gen.av_xcvr_native_insts[2].gen_bonded_group.av_xcvr_native_inst|inst_av_pma|av_rx_pma|rx_pmas[0].rx_pma.rx_pma_deser|clk90b'
Slack : 2.068
TNS   : 0.000

Type  : Slow 1100mV 85C Model Minimum Pulse Width 'adc1_phy|custom_phy_4line_inst|A5|transceiver_core|gen.av_xcvr_native_insts[3].gen_bonded_group.av_xcvr_native_inst|inst_av_pma|av_rx_pma|rx_pmas[0].rx_pma.rx_pma_deser|clk90b'
Slack : 2.068
TNS   : 0.000

Type  : Slow 1100mV 85C Model Minimum Pulse Width 'adc2_phy|custom_phy_4line_inst|A5|transceiver_core|gen.av_xcvr_native_insts[0].gen_bonded_group.av_xcvr_native_inst|inst_av_pma|av_rx_pma|rx_pmas[0].rx_pma.rx_pma_deser|clk90b'
Slack : 2.068
TNS   : 0.000

Type  : Slow 1100mV 85C Model Minimum Pulse Width 'adc2_phy|custom_phy_4line_inst|A5|transceiver_core|gen.av_xcvr_native_insts[1].gen_bonded_group.av_xcvr_native_inst|inst_av_pma|av_rx_pma|rx_pmas[0].rx_pma.rx_pma_deser|clk90b'
Slack : 2.068
TNS   : 0.000

Type  : Slow 1100mV 85C Model Minimum Pulse Width 'adc2_phy|custom_phy_4line_inst|A5|transceiver_core|gen.av_xcvr_native_insts[2].gen_bonded_group.av_xcvr_native_inst|inst_av_pma|av_rx_pma|rx_pmas[0].rx_pma.rx_pma_deser|clk90b'
Slack : 2.068
TNS   : 0.000

Type  : Slow 1100mV 85C Model Minimum Pulse Width 'adc2_phy|custom_phy_4line_inst|A5|transceiver_core|gen.av_xcvr_native_insts[3].gen_bonded_group.av_xcvr_native_inst|inst_av_pma|av_rx_pma|rx_pmas[0].rx_pma.rx_pma_deser|clk90b'
Slack : 2.068
TNS   : 0.000

Type  : Slow 1100mV 85C Model Minimum Pulse Width 'pll_0002:pll_1|altera_pll:altera_pll_i|outclk_wire[0]'
Slack : 3.184
TNS   : 0.000

Type  : Slow 1100mV 85C Model Minimum Pulse Width 'pll_240_120_0002:pll240_120_ADC1|altera_pll:altera_pll_i|outclk_wire[1]'
Slack : 3.359
TNS   : 0.000

Type  : Slow 1100mV 85C Model Minimum Pulse Width 'eth1|eth_full1_inst|i_custom_phyip_0|A5|transceiver_core|gen.av_xcvr_native_insts[0].gen_bonded_group.av_xcvr_native_inst|inst_av_pma|av_rx_pma|rx_pmas[0].rx_pma.rx_pma_deser|clk90b'
Slack : 4.000
TNS   : 0.000

Type  : Slow 1100mV 85C Model Minimum Pulse Width 'eth2|eth_full1_inst|i_custom_phyip_0|A5|transceiver_core|gen.av_xcvr_native_insts[0].gen_bonded_group.av_xcvr_native_inst|inst_av_pma|av_rx_pma|rx_pmas[0].rx_pma.rx_pma_deser|clk90b'
Slack : 4.000
TNS   : 0.000

Type  : Slow 1100mV 85C Model Minimum Pulse Width 'adc1_phy|custom_phy_4line_inst|A5|transceiver_core|gen.av_xcvr_native_insts[0].gen_bonded_group.av_xcvr_native_inst|inst_av_pcs|ch[0].inst_av_pcs_ch|inst_av_hssi_8g_rx_pcs|wys|rcvdclkpma'
Slack : 4.164
TNS   : 0.000

Type  : Slow 1100mV 85C Model Minimum Pulse Width 'adc1_phy|custom_phy_4line_inst|A5|transceiver_core|gen.av_xcvr_native_insts[1].gen_bonded_group.av_xcvr_native_inst|inst_av_pcs|ch[0].inst_av_pcs_ch|inst_av_hssi_8g_rx_pcs|wys|rcvdclkpma'
Slack : 4.164
TNS   : 0.000

Type  : Slow 1100mV 85C Model Minimum Pulse Width 'adc1_phy|custom_phy_4line_inst|A5|transceiver_core|gen.av_xcvr_native_insts[2].gen_bonded_group.av_xcvr_native_inst|inst_av_pcs|ch[0].inst_av_pcs_ch|inst_av_hssi_8g_rx_pcs|wys|rcvdclkpma'
Slack : 4.164
TNS   : 0.000

Type  : Slow 1100mV 85C Model Minimum Pulse Width 'adc1_phy|custom_phy_4line_inst|A5|transceiver_core|gen.av_xcvr_native_insts[3].gen_bonded_group.av_xcvr_native_inst|inst_av_pcs|ch[0].inst_av_pcs_ch|inst_av_hssi_8g_rx_pcs|wys|rcvdclkpma'
Slack : 4.164
TNS   : 0.000

Type  : Slow 1100mV 85C Model Minimum Pulse Width 'adc2_phy|custom_phy_4line_inst|A5|transceiver_core|gen.av_xcvr_native_insts[0].gen_bonded_group.av_xcvr_native_inst|inst_av_pcs|ch[0].inst_av_pcs_ch|inst_av_hssi_8g_rx_pcs|wys|rcvdclkpma'
Slack : 4.164
TNS   : 0.000

Type  : Slow 1100mV 85C Model Minimum Pulse Width 'adc2_phy|custom_phy_4line_inst|A5|transceiver_core|gen.av_xcvr_native_insts[1].gen_bonded_group.av_xcvr_native_inst|inst_av_pcs|ch[0].inst_av_pcs_ch|inst_av_hssi_8g_rx_pcs|wys|rcvdclkpma'
Slack : 4.164
TNS   : 0.000

Type  : Slow 1100mV 85C Model Minimum Pulse Width 'adc2_phy|custom_phy_4line_inst|A5|transceiver_core|gen.av_xcvr_native_insts[2].gen_bonded_group.av_xcvr_native_inst|inst_av_pcs|ch[0].inst_av_pcs_ch|inst_av_hssi_8g_rx_pcs|wys|rcvdclkpma'
Slack : 4.164
TNS   : 0.000

Type  : Slow 1100mV 85C Model Minimum Pulse Width 'adc2_phy|custom_phy_4line_inst|A5|transceiver_core|gen.av_xcvr_native_insts[3].gen_bonded_group.av_xcvr_native_inst|inst_av_pcs|ch[0].inst_av_pcs_ch|inst_av_hssi_8g_rx_pcs|wys|rcvdclkpma'
Slack : 4.164
TNS   : 0.000

Type  : Slow 1100mV 0C Model Setup 'pll_96_0002:pll_96_dac1|altera_pll:altera_pll_i|general[0].gpll~FRACTIONAL_PLL_O_VCOPH0'
Slack : -2.909
TNS   : -1808.572

Type  : Slow 1100mV 0C Model Setup 'pll_240_120_0002:pll240_120_ADC1|altera_pll:altera_pll_i|outclk_wire[0]'
Slack : -2.308
TNS   : -8.354

Type  : Slow 1100mV 0C Model Setup 'pll_240_120_0002:pll240_120_ADC1|altera_pll:altera_pll_i|outclk_wire[1]'
Slack : -2.162
TNS   : -4.291

Type  : Slow 1100mV 0C Model Setup 'pll_0002:pll_1|altera_pll:altera_pll_i|outclk_wire[0]'
Slack : -1.303
TNS   : -14.023

Type  : Slow 1100mV 0C Model Setup 'pll_125_0002:pll_125_eth0|altera_pll:altera_pll_i|general[0].gpll~FRACTIONAL_PLL_O_VCOPH0'
Slack : -0.980
TNS   : -209.134

Type  : Slow 1100mV 0C Model Hold 'pll_96_0002:pll_96_dac1|altera_pll:altera_pll_i|general[0].gpll~FRACTIONAL_PLL_O_VCOPH0'
Slack : -0.249
TNS   : -2.120

Type  : Slow 1100mV 0C Model Hold 'pll_125_0002:pll_125_eth0|altera_pll:altera_pll_i|general[0].gpll~FRACTIONAL_PLL_O_VCOPH0'
Slack : 0.178
TNS   : 0.000

Type  : Slow 1100mV 0C Model Hold 'pll_0002:pll_1|altera_pll:altera_pll_i|outclk_wire[0]'
Slack : 0.185
TNS   : 0.000

Type  : Slow 1100mV 0C Model Hold 'pll_240_120_0002:pll240_120_ADC1|altera_pll:altera_pll_i|outclk_wire[1]'
Slack : 0.222
TNS   : 0.000

Type  : Slow 1100mV 0C Model Hold 'pll_240_120_0002:pll240_120_ADC1|altera_pll:altera_pll_i|outclk_wire[0]'
Slack : 0.402
TNS   : 0.000

Type  : Slow 1100mV 0C Model Recovery 'pll_96_0002:pll_96_dac1|altera_pll:altera_pll_i|general[0].gpll~FRACTIONAL_PLL_O_VCOPH0'
Slack : -0.159
TNS   : -26.116

Type  : Slow 1100mV 0C Model Recovery 'pll_125_0002:pll_125_eth0|altera_pll:altera_pll_i|general[0].gpll~FRACTIONAL_PLL_O_VCOPH0'
Slack : 0.128
TNS   : 0.000

Type  : Slow 1100mV 0C Model Recovery 'pll_0002:pll_1|altera_pll:altera_pll_i|outclk_wire[0]'
Slack : 4.817
TNS   : 0.000

Type  : Slow 1100mV 0C Model Removal 'pll_125_0002:pll_125_eth0|altera_pll:altera_pll_i|general[0].gpll~FRACTIONAL_PLL_O_VCOPH0'
Slack : 0.345
TNS   : 0.000

Type  : Slow 1100mV 0C Model Removal 'pll_0002:pll_1|altera_pll:altera_pll_i|outclk_wire[0]'
Slack : 0.486
TNS   : 0.000

Type  : Slow 1100mV 0C Model Removal 'pll_96_0002:pll_96_dac1|altera_pll:altera_pll_i|general[0].gpll~FRACTIONAL_PLL_O_VCOPH0'
Slack : 0.816
TNS   : 0.000

Type  : Slow 1100mV 0C Model Minimum Pulse Width 'pll_96_0002:pll_96_dac1|altera_pll:altera_pll_i|general[0].gpll~FRACTIONAL_PLL_O_VCOPH0'
Slack : -1.451
TNS   : -19.401

Type  : Slow 1100mV 0C Model Minimum Pulse Width 'pll_125_0002:pll_125_eth0|altera_pll:altera_pll_i|general[0].gpll~FRACTIONAL_PLL_O_VCOPH0'
Slack : -0.868
TNS   : -1.736

Type  : Slow 1100mV 0C Model Minimum Pulse Width 'custom_phy_4line:adc1_phy|altera_xcvr_custom:custom_phy_4line_inst|av_xcvr_custom_nr:A5|av_xcvr_custom_native:transceiver_core|av_xcvr_native:gen.av_xcvr_native_insts[0].gen_bonded_group.av_xcvr_native_inst|av_pma:inst_av_pma|av_rx_pma:av_rx_pma|rx_pmas[0].rx_pma.wire_cdr_to_deser_clk'
Slack : 0.416
TNS   : 0.000

Type  : Slow 1100mV 0C Model Minimum Pulse Width 'custom_phy_4line:adc1_phy|altera_xcvr_custom:custom_phy_4line_inst|av_xcvr_custom_nr:A5|av_xcvr_custom_native:transceiver_core|av_xcvr_native:gen.av_xcvr_native_insts[1].gen_bonded_group.av_xcvr_native_inst|av_pma:inst_av_pma|av_rx_pma:av_rx_pma|rx_pmas[0].rx_pma.wire_cdr_to_deser_clk'
Slack : 0.416
TNS   : 0.000

Type  : Slow 1100mV 0C Model Minimum Pulse Width 'custom_phy_4line:adc1_phy|altera_xcvr_custom:custom_phy_4line_inst|av_xcvr_custom_nr:A5|av_xcvr_custom_native:transceiver_core|av_xcvr_native:gen.av_xcvr_native_insts[2].gen_bonded_group.av_xcvr_native_inst|av_pma:inst_av_pma|av_rx_pma:av_rx_pma|rx_pmas[0].rx_pma.wire_cdr_to_deser_clk'
Slack : 0.416
TNS   : 0.000

Type  : Slow 1100mV 0C Model Minimum Pulse Width 'custom_phy_4line:adc1_phy|altera_xcvr_custom:custom_phy_4line_inst|av_xcvr_custom_nr:A5|av_xcvr_custom_native:transceiver_core|av_xcvr_native:gen.av_xcvr_native_insts[3].gen_bonded_group.av_xcvr_native_inst|av_pma:inst_av_pma|av_rx_pma:av_rx_pma|rx_pmas[0].rx_pma.wire_cdr_to_deser_clk'
Slack : 0.416
TNS   : 0.000

Type  : Slow 1100mV 0C Model Minimum Pulse Width 'custom_phy_4line:adc2_phy|altera_xcvr_custom:custom_phy_4line_inst|av_xcvr_custom_nr:A5|av_xcvr_custom_native:transceiver_core|av_xcvr_native:gen.av_xcvr_native_insts[0].gen_bonded_group.av_xcvr_native_inst|av_pma:inst_av_pma|av_rx_pma:av_rx_pma|rx_pmas[0].rx_pma.wire_cdr_to_deser_clk'
Slack : 0.416
TNS   : 0.000

Type  : Slow 1100mV 0C Model Minimum Pulse Width 'custom_phy_4line:adc2_phy|altera_xcvr_custom:custom_phy_4line_inst|av_xcvr_custom_nr:A5|av_xcvr_custom_native:transceiver_core|av_xcvr_native:gen.av_xcvr_native_insts[1].gen_bonded_group.av_xcvr_native_inst|av_pma:inst_av_pma|av_rx_pma:av_rx_pma|rx_pmas[0].rx_pma.wire_cdr_to_deser_clk'
Slack : 0.416
TNS   : 0.000

Type  : Slow 1100mV 0C Model Minimum Pulse Width 'custom_phy_4line:adc2_phy|altera_xcvr_custom:custom_phy_4line_inst|av_xcvr_custom_nr:A5|av_xcvr_custom_native:transceiver_core|av_xcvr_native:gen.av_xcvr_native_insts[2].gen_bonded_group.av_xcvr_native_inst|av_pma:inst_av_pma|av_rx_pma:av_rx_pma|rx_pmas[0].rx_pma.wire_cdr_to_deser_clk'
Slack : 0.416
TNS   : 0.000

Type  : Slow 1100mV 0C Model Minimum Pulse Width 'custom_phy_4line:adc2_phy|altera_xcvr_custom:custom_phy_4line_inst|av_xcvr_custom_nr:A5|av_xcvr_custom_native:transceiver_core|av_xcvr_native:gen.av_xcvr_native_insts[3].gen_bonded_group.av_xcvr_native_inst|av_pma:inst_av_pma|av_rx_pma:av_rx_pma|rx_pmas[0].rx_pma.wire_cdr_to_deser_clk'
Slack : 0.416
TNS   : 0.000

Type  : Slow 1100mV 0C Model Minimum Pulse Width 'eth_1g_top:eth1|eth1_0002:eth_full1_inst|altera_xcvr_custom:i_custom_phyip_0|av_xcvr_custom_nr:A5|av_xcvr_custom_native:transceiver_core|av_xcvr_native:gen.av_xcvr_native_insts[0].gen_bonded_group.av_xcvr_native_inst|av_pma:inst_av_pma|av_rx_pma:av_rx_pma|rx_pmas[0].rx_pma.wire_cdr_to_deser_clk'
Slack : 0.800
TNS   : 0.000

Type  : Slow 1100mV 0C Model Minimum Pulse Width 'eth_1g_top:eth2|eth1_0002:eth_full1_inst|altera_xcvr_custom:i_custom_phyip_0|av_xcvr_custom_nr:A5|av_xcvr_custom_native:transceiver_core|av_xcvr_native:gen.av_xcvr_native_insts[0].gen_bonded_group.av_xcvr_native_inst|av_pma:inst_av_pma|av_rx_pma:av_rx_pma|rx_pmas[0].rx_pma.wire_cdr_to_deser_clk'
Slack : 0.800
TNS   : 0.000

Type  : Slow 1100mV 0C Model Minimum Pulse Width 'pll_240_120_0002:pll240_120_ADC1|altera_pll:altera_pll_i|general[0].gpll~FRACTIONAL_PLL_O_VCOPH0'
Slack : 1.041
TNS   : 0.000

Type  : Slow 1100mV 0C Model Minimum Pulse Width 'pll_240_120_0002:pll240_120_ADC1|altera_pll:altera_pll_i|outclk_wire[0]'
Slack : 1.269
TNS   : 0.000

Type  : Slow 1100mV 0C Model Minimum Pulse Width 'pll_0002:pll_1|altera_pll:altera_pll_i|general[0].gpll~FRACTIONAL_PLL_O_VCOPH0'
Slack : 1.332
TNS   : 0.000

Type  : Slow 1100mV 0C Model Minimum Pulse Width 'REF3'
Slack : 1.378
TNS   : 0.000

Type  : Slow 1100mV 0C Model Minimum Pulse Width 'adc1_phy|custom_phy_4line_inst|A5|transceiver_core|gen.av_xcvr_native_insts[0].gen_bonded_group.av_xcvr_native_inst|inst_av_pma|av_rx_pma|rx_pmas[0].rx_pma.rx_pma_deser|clk90b'
Slack : 2.070
TNS   : 0.000

Type  : Slow 1100mV 0C Model Minimum Pulse Width 'adc1_phy|custom_phy_4line_inst|A5|transceiver_core|gen.av_xcvr_native_insts[1].gen_bonded_group.av_xcvr_native_inst|inst_av_pma|av_rx_pma|rx_pmas[0].rx_pma.rx_pma_deser|clk90b'
Slack : 2.070
TNS   : 0.000

Type  : Slow 1100mV 0C Model Minimum Pulse Width 'adc1_phy|custom_phy_4line_inst|A5|transceiver_core|gen.av_xcvr_native_insts[2].gen_bonded_group.av_xcvr_native_inst|inst_av_pma|av_rx_pma|rx_pmas[0].rx_pma.rx_pma_deser|clk90b'
Slack : 2.070
TNS   : 0.000

Type  : Slow 1100mV 0C Model Minimum Pulse Width 'adc1_phy|custom_phy_4line_inst|A5|transceiver_core|gen.av_xcvr_native_insts[3].gen_bonded_group.av_xcvr_native_inst|inst_av_pma|av_rx_pma|rx_pmas[0].rx_pma.rx_pma_deser|clk90b'
Slack : 2.070
TNS   : 0.000

Type  : Slow 1100mV 0C Model Minimum Pulse Width 'adc2_phy|custom_phy_4line_inst|A5|transceiver_core|gen.av_xcvr_native_insts[0].gen_bonded_group.av_xcvr_native_inst|inst_av_pma|av_rx_pma|rx_pmas[0].rx_pma.rx_pma_deser|clk90b'
Slack : 2.070
TNS   : 0.000

Type  : Slow 1100mV 0C Model Minimum Pulse Width 'adc2_phy|custom_phy_4line_inst|A5|transceiver_core|gen.av_xcvr_native_insts[1].gen_bonded_group.av_xcvr_native_inst|inst_av_pma|av_rx_pma|rx_pmas[0].rx_pma.rx_pma_deser|clk90b'
Slack : 2.070
TNS   : 0.000

Type  : Slow 1100mV 0C Model Minimum Pulse Width 'adc2_phy|custom_phy_4line_inst|A5|transceiver_core|gen.av_xcvr_native_insts[2].gen_bonded_group.av_xcvr_native_inst|inst_av_pma|av_rx_pma|rx_pmas[0].rx_pma.rx_pma_deser|clk90b'
Slack : 2.070
TNS   : 0.000

Type  : Slow 1100mV 0C Model Minimum Pulse Width 'adc2_phy|custom_phy_4line_inst|A5|transceiver_core|gen.av_xcvr_native_insts[3].gen_bonded_group.av_xcvr_native_inst|inst_av_pma|av_rx_pma|rx_pmas[0].rx_pma.rx_pma_deser|clk90b'
Slack : 2.070
TNS   : 0.000

Type  : Slow 1100mV 0C Model Minimum Pulse Width 'pll_0002:pll_1|altera_pll:altera_pll_i|outclk_wire[0]'
Slack : 3.174
TNS   : 0.000

Type  : Slow 1100mV 0C Model Minimum Pulse Width 'pll_240_120_0002:pll240_120_ADC1|altera_pll:altera_pll_i|outclk_wire[1]'
Slack : 3.338
TNS   : 0.000

Type  : Slow 1100mV 0C Model Minimum Pulse Width 'eth1|eth_full1_inst|i_custom_phyip_0|A5|transceiver_core|gen.av_xcvr_native_insts[0].gen_bonded_group.av_xcvr_native_inst|inst_av_pma|av_rx_pma|rx_pmas[0].rx_pma.rx_pma_deser|clk90b'
Slack : 4.000
TNS   : 0.000

Type  : Slow 1100mV 0C Model Minimum Pulse Width 'eth2|eth_full1_inst|i_custom_phyip_0|A5|transceiver_core|gen.av_xcvr_native_insts[0].gen_bonded_group.av_xcvr_native_inst|inst_av_pma|av_rx_pma|rx_pmas[0].rx_pma.rx_pma_deser|clk90b'
Slack : 4.000
TNS   : 0.000

Type  : Slow 1100mV 0C Model Minimum Pulse Width 'adc1_phy|custom_phy_4line_inst|A5|transceiver_core|gen.av_xcvr_native_insts[0].gen_bonded_group.av_xcvr_native_inst|inst_av_pcs|ch[0].inst_av_pcs_ch|inst_av_hssi_8g_rx_pcs|wys|rcvdclkpma'
Slack : 4.165
TNS   : 0.000

Type  : Slow 1100mV 0C Model Minimum Pulse Width 'adc1_phy|custom_phy_4line_inst|A5|transceiver_core|gen.av_xcvr_native_insts[1].gen_bonded_group.av_xcvr_native_inst|inst_av_pcs|ch[0].inst_av_pcs_ch|inst_av_hssi_8g_rx_pcs|wys|rcvdclkpma'
Slack : 4.165
TNS   : 0.000

Type  : Slow 1100mV 0C Model Minimum Pulse Width 'adc1_phy|custom_phy_4line_inst|A5|transceiver_core|gen.av_xcvr_native_insts[2].gen_bonded_group.av_xcvr_native_inst|inst_av_pcs|ch[0].inst_av_pcs_ch|inst_av_hssi_8g_rx_pcs|wys|rcvdclkpma'
Slack : 4.165
TNS   : 0.000

Type  : Slow 1100mV 0C Model Minimum Pulse Width 'adc1_phy|custom_phy_4line_inst|A5|transceiver_core|gen.av_xcvr_native_insts[3].gen_bonded_group.av_xcvr_native_inst|inst_av_pcs|ch[0].inst_av_pcs_ch|inst_av_hssi_8g_rx_pcs|wys|rcvdclkpma'
Slack : 4.165
TNS   : 0.000

Type  : Slow 1100mV 0C Model Minimum Pulse Width 'adc2_phy|custom_phy_4line_inst|A5|transceiver_core|gen.av_xcvr_native_insts[0].gen_bonded_group.av_xcvr_native_inst|inst_av_pcs|ch[0].inst_av_pcs_ch|inst_av_hssi_8g_rx_pcs|wys|rcvdclkpma'
Slack : 4.165
TNS   : 0.000

Type  : Slow 1100mV 0C Model Minimum Pulse Width 'adc2_phy|custom_phy_4line_inst|A5|transceiver_core|gen.av_xcvr_native_insts[1].gen_bonded_group.av_xcvr_native_inst|inst_av_pcs|ch[0].inst_av_pcs_ch|inst_av_hssi_8g_rx_pcs|wys|rcvdclkpma'
Slack : 4.165
TNS   : 0.000

Type  : Slow 1100mV 0C Model Minimum Pulse Width 'adc2_phy|custom_phy_4line_inst|A5|transceiver_core|gen.av_xcvr_native_insts[2].gen_bonded_group.av_xcvr_native_inst|inst_av_pcs|ch[0].inst_av_pcs_ch|inst_av_hssi_8g_rx_pcs|wys|rcvdclkpma'
Slack : 4.165
TNS   : 0.000

Type  : Slow 1100mV 0C Model Minimum Pulse Width 'adc2_phy|custom_phy_4line_inst|A5|transceiver_core|gen.av_xcvr_native_insts[3].gen_bonded_group.av_xcvr_native_inst|inst_av_pcs|ch[0].inst_av_pcs_ch|inst_av_hssi_8g_rx_pcs|wys|rcvdclkpma'
Slack : 4.165
TNS   : 0.000

Type  : Fast 1100mV 85C Model Setup 'pll_96_0002:pll_96_dac1|altera_pll:altera_pll_i|general[0].gpll~FRACTIONAL_PLL_O_VCOPH0'
Slack : -2.028
TNS   : -78.992

Type  : Fast 1100mV 85C Model Setup 'pll_240_120_0002:pll240_120_ADC1|altera_pll:altera_pll_i|outclk_wire[0]'
Slack : -1.945
TNS   : -6.816

Type  : Fast 1100mV 85C Model Setup 'pll_240_120_0002:pll240_120_ADC1|altera_pll:altera_pll_i|outclk_wire[1]'
Slack : -1.856
TNS   : -3.519

Type  : Fast 1100mV 85C Model Setup 'pll_0002:pll_1|altera_pll:altera_pll_i|outclk_wire[0]'
Slack : -0.068
TNS   : -0.316

Type  : Fast 1100mV 85C Model Setup 'pll_125_0002:pll_125_eth0|altera_pll:altera_pll_i|general[0].gpll~FRACTIONAL_PLL_O_VCOPH0'
Slack : 0.280
TNS   : 0.000

Type  : Fast 1100mV 85C Model Hold 'pll_96_0002:pll_96_dac1|altera_pll:altera_pll_i|general[0].gpll~FRACTIONAL_PLL_O_VCOPH0'
Slack : 0.049
TNS   : 0.000

Type  : Fast 1100mV 85C Model Hold 'pll_125_0002:pll_125_eth0|altera_pll:altera_pll_i|general[0].gpll~FRACTIONAL_PLL_O_VCOPH0'
Slack : 0.112
TNS   : 0.000

Type  : Fast 1100mV 85C Model Hold 'pll_0002:pll_1|altera_pll:altera_pll_i|outclk_wire[0]'
Slack : 0.157
TNS   : 0.000

Type  : Fast 1100mV 85C Model Hold 'pll_240_120_0002:pll240_120_ADC1|altera_pll:altera_pll_i|outclk_wire[1]'
Slack : 0.158
TNS   : 0.000

Type  : Fast 1100mV 85C Model Hold 'pll_240_120_0002:pll240_120_ADC1|altera_pll:altera_pll_i|outclk_wire[0]'
Slack : 0.245
TNS   : 0.000

Type  : Fast 1100mV 85C Model Recovery 'pll_96_0002:pll_96_dac1|altera_pll:altera_pll_i|general[0].gpll~FRACTIONAL_PLL_O_VCOPH0'
Slack : 0.366
TNS   : 0.000

Type  : Fast 1100mV 85C Model Recovery 'pll_125_0002:pll_125_eth0|altera_pll:altera_pll_i|general[0].gpll~FRACTIONAL_PLL_O_VCOPH0'
Slack : 0.911
TNS   : 0.000

Type  : Fast 1100mV 85C Model Recovery 'pll_0002:pll_1|altera_pll:altera_pll_i|outclk_wire[0]'
Slack : 5.559
TNS   : 0.000

Type  : Fast 1100mV 85C Model Removal 'pll_125_0002:pll_125_eth0|altera_pll:altera_pll_i|general[0].gpll~FRACTIONAL_PLL_O_VCOPH0'
Slack : 0.219
TNS   : 0.000

Type  : Fast 1100mV 85C Model Removal 'pll_0002:pll_1|altera_pll:altera_pll_i|outclk_wire[0]'
Slack : 0.314
TNS   : 0.000

Type  : Fast 1100mV 85C Model Removal 'pll_96_0002:pll_96_dac1|altera_pll:altera_pll_i|general[0].gpll~FRACTIONAL_PLL_O_VCOPH0'
Slack : 0.543
TNS   : 0.000

Type  : Fast 1100mV 85C Model Minimum Pulse Width 'pll_96_0002:pll_96_dac1|altera_pll:altera_pll_i|general[0].gpll~FRACTIONAL_PLL_O_VCOPH0'
Slack : -0.418
TNS   : -15.048

Type  : Fast 1100mV 85C Model Minimum Pulse Width 'pll_125_0002:pll_125_eth0|altera_pll:altera_pll_i|general[0].gpll~FRACTIONAL_PLL_O_VCOPH0'
Slack : 0.165
TNS   : 0.000

Type  : Fast 1100mV 85C Model Minimum Pulse Width 'custom_phy_4line:adc1_phy|altera_xcvr_custom:custom_phy_4line_inst|av_xcvr_custom_nr:A5|av_xcvr_custom_native:transceiver_core|av_xcvr_native:gen.av_xcvr_native_insts[0].gen_bonded_group.av_xcvr_native_inst|av_pma:inst_av_pma|av_rx_pma:av_rx_pma|rx_pmas[0].rx_pma.wire_cdr_to_deser_clk'
Slack : 0.416
TNS   : 0.000

Type  : Fast 1100mV 85C Model Minimum Pulse Width 'custom_phy_4line:adc1_phy|altera_xcvr_custom:custom_phy_4line_inst|av_xcvr_custom_nr:A5|av_xcvr_custom_native:transceiver_core|av_xcvr_native:gen.av_xcvr_native_insts[1].gen_bonded_group.av_xcvr_native_inst|av_pma:inst_av_pma|av_rx_pma:av_rx_pma|rx_pmas[0].rx_pma.wire_cdr_to_deser_clk'
Slack : 0.416
TNS   : 0.000

Type  : Fast 1100mV 85C Model Minimum Pulse Width 'custom_phy_4line:adc1_phy|altera_xcvr_custom:custom_phy_4line_inst|av_xcvr_custom_nr:A5|av_xcvr_custom_native:transceiver_core|av_xcvr_native:gen.av_xcvr_native_insts[2].gen_bonded_group.av_xcvr_native_inst|av_pma:inst_av_pma|av_rx_pma:av_rx_pma|rx_pmas[0].rx_pma.wire_cdr_to_deser_clk'
Slack : 0.416
TNS   : 0.000

Type  : Fast 1100mV 85C Model Minimum Pulse Width 'custom_phy_4line:adc1_phy|altera_xcvr_custom:custom_phy_4line_inst|av_xcvr_custom_nr:A5|av_xcvr_custom_native:transceiver_core|av_xcvr_native:gen.av_xcvr_native_insts[3].gen_bonded_group.av_xcvr_native_inst|av_pma:inst_av_pma|av_rx_pma:av_rx_pma|rx_pmas[0].rx_pma.wire_cdr_to_deser_clk'
Slack : 0.416
TNS   : 0.000

Type  : Fast 1100mV 85C Model Minimum Pulse Width 'custom_phy_4line:adc2_phy|altera_xcvr_custom:custom_phy_4line_inst|av_xcvr_custom_nr:A5|av_xcvr_custom_native:transceiver_core|av_xcvr_native:gen.av_xcvr_native_insts[0].gen_bonded_group.av_xcvr_native_inst|av_pma:inst_av_pma|av_rx_pma:av_rx_pma|rx_pmas[0].rx_pma.wire_cdr_to_deser_clk'
Slack : 0.416
TNS   : 0.000

Type  : Fast 1100mV 85C Model Minimum Pulse Width 'custom_phy_4line:adc2_phy|altera_xcvr_custom:custom_phy_4line_inst|av_xcvr_custom_nr:A5|av_xcvr_custom_native:transceiver_core|av_xcvr_native:gen.av_xcvr_native_insts[1].gen_bonded_group.av_xcvr_native_inst|av_pma:inst_av_pma|av_rx_pma:av_rx_pma|rx_pmas[0].rx_pma.wire_cdr_to_deser_clk'
Slack : 0.416
TNS   : 0.000

Type  : Fast 1100mV 85C Model Minimum Pulse Width 'custom_phy_4line:adc2_phy|altera_xcvr_custom:custom_phy_4line_inst|av_xcvr_custom_nr:A5|av_xcvr_custom_native:transceiver_core|av_xcvr_native:gen.av_xcvr_native_insts[2].gen_bonded_group.av_xcvr_native_inst|av_pma:inst_av_pma|av_rx_pma:av_rx_pma|rx_pmas[0].rx_pma.wire_cdr_to_deser_clk'
Slack : 0.416
TNS   : 0.000

Type  : Fast 1100mV 85C Model Minimum Pulse Width 'custom_phy_4line:adc2_phy|altera_xcvr_custom:custom_phy_4line_inst|av_xcvr_custom_nr:A5|av_xcvr_custom_native:transceiver_core|av_xcvr_native:gen.av_xcvr_native_insts[3].gen_bonded_group.av_xcvr_native_inst|av_pma:inst_av_pma|av_rx_pma:av_rx_pma|rx_pmas[0].rx_pma.wire_cdr_to_deser_clk'
Slack : 0.416
TNS   : 0.000

Type  : Fast 1100mV 85C Model Minimum Pulse Width 'eth_1g_top:eth1|eth1_0002:eth_full1_inst|altera_xcvr_custom:i_custom_phyip_0|av_xcvr_custom_nr:A5|av_xcvr_custom_native:transceiver_core|av_xcvr_native:gen.av_xcvr_native_insts[0].gen_bonded_group.av_xcvr_native_inst|av_pma:inst_av_pma|av_rx_pma:av_rx_pma|rx_pmas[0].rx_pma.wire_cdr_to_deser_clk'
Slack : 0.800
TNS   : 0.000

Type  : Fast 1100mV 85C Model Minimum Pulse Width 'eth_1g_top:eth2|eth1_0002:eth_full1_inst|altera_xcvr_custom:i_custom_phyip_0|av_xcvr_custom_nr:A5|av_xcvr_custom_native:transceiver_core|av_xcvr_native:gen.av_xcvr_native_insts[0].gen_bonded_group.av_xcvr_native_inst|av_pma:inst_av_pma|av_rx_pma:av_rx_pma|rx_pmas[0].rx_pma.wire_cdr_to_deser_clk'
Slack : 0.800
TNS   : 0.000

Type  : Fast 1100mV 85C Model Minimum Pulse Width 'pll_240_120_0002:pll240_120_ADC1|altera_pll:altera_pll_i|general[0].gpll~FRACTIONAL_PLL_O_VCOPH0'
Slack : 1.041
TNS   : 0.000

Type  : Fast 1100mV 85C Model Minimum Pulse Width 'pll_240_120_0002:pll240_120_ADC1|altera_pll:altera_pll_i|outclk_wire[0]'
Slack : 1.297
TNS   : 0.000

Type  : Fast 1100mV 85C Model Minimum Pulse Width 'pll_0002:pll_1|altera_pll:altera_pll_i|general[0].gpll~FRACTIONAL_PLL_O_VCOPH0'
Slack : 1.332
TNS   : 0.000

Type  : Fast 1100mV 85C Model Minimum Pulse Width 'REF3'
Slack : 1.357
TNS   : 0.000

Type  : Fast 1100mV 85C Model Minimum Pulse Width 'adc1_phy|custom_phy_4line_inst|A5|transceiver_core|gen.av_xcvr_native_insts[0].gen_bonded_group.av_xcvr_native_inst|inst_av_pma|av_rx_pma|rx_pmas[0].rx_pma.rx_pma_deser|clk90b'
Slack : 2.074
TNS   : 0.000

Type  : Fast 1100mV 85C Model Minimum Pulse Width 'adc1_phy|custom_phy_4line_inst|A5|transceiver_core|gen.av_xcvr_native_insts[1].gen_bonded_group.av_xcvr_native_inst|inst_av_pma|av_rx_pma|rx_pmas[0].rx_pma.rx_pma_deser|clk90b'
Slack : 2.074
TNS   : 0.000

Type  : Fast 1100mV 85C Model Minimum Pulse Width 'adc1_phy|custom_phy_4line_inst|A5|transceiver_core|gen.av_xcvr_native_insts[2].gen_bonded_group.av_xcvr_native_inst|inst_av_pma|av_rx_pma|rx_pmas[0].rx_pma.rx_pma_deser|clk90b'
Slack : 2.074
TNS   : 0.000

Type  : Fast 1100mV 85C Model Minimum Pulse Width 'adc1_phy|custom_phy_4line_inst|A5|transceiver_core|gen.av_xcvr_native_insts[3].gen_bonded_group.av_xcvr_native_inst|inst_av_pma|av_rx_pma|rx_pmas[0].rx_pma.rx_pma_deser|clk90b'
Slack : 2.074
TNS   : 0.000

Type  : Fast 1100mV 85C Model Minimum Pulse Width 'adc2_phy|custom_phy_4line_inst|A5|transceiver_core|gen.av_xcvr_native_insts[0].gen_bonded_group.av_xcvr_native_inst|inst_av_pma|av_rx_pma|rx_pmas[0].rx_pma.rx_pma_deser|clk90b'
Slack : 2.074
TNS   : 0.000

Type  : Fast 1100mV 85C Model Minimum Pulse Width 'adc2_phy|custom_phy_4line_inst|A5|transceiver_core|gen.av_xcvr_native_insts[1].gen_bonded_group.av_xcvr_native_inst|inst_av_pma|av_rx_pma|rx_pmas[0].rx_pma.rx_pma_deser|clk90b'
Slack : 2.074
TNS   : 0.000

Type  : Fast 1100mV 85C Model Minimum Pulse Width 'adc2_phy|custom_phy_4line_inst|A5|transceiver_core|gen.av_xcvr_native_insts[2].gen_bonded_group.av_xcvr_native_inst|inst_av_pma|av_rx_pma|rx_pmas[0].rx_pma.rx_pma_deser|clk90b'
Slack : 2.074
TNS   : 0.000

Type  : Fast 1100mV 85C Model Minimum Pulse Width 'adc2_phy|custom_phy_4line_inst|A5|transceiver_core|gen.av_xcvr_native_insts[3].gen_bonded_group.av_xcvr_native_inst|inst_av_pma|av_rx_pma|rx_pmas[0].rx_pma.rx_pma_deser|clk90b'
Slack : 2.074
TNS   : 0.000

Type  : Fast 1100mV 85C Model Minimum Pulse Width 'pll_0002:pll_1|altera_pll:altera_pll_i|outclk_wire[0]'
Slack : 3.208
TNS   : 0.000

Type  : Fast 1100mV 85C Model Minimum Pulse Width 'pll_240_120_0002:pll240_120_ADC1|altera_pll:altera_pll_i|outclk_wire[1]'
Slack : 3.384
TNS   : 0.000

Type  : Fast 1100mV 85C Model Minimum Pulse Width 'eth1|eth_full1_inst|i_custom_phyip_0|A5|transceiver_core|gen.av_xcvr_native_insts[0].gen_bonded_group.av_xcvr_native_inst|inst_av_pma|av_rx_pma|rx_pmas[0].rx_pma.rx_pma_deser|clk90b'
Slack : 4.000
TNS   : 0.000

Type  : Fast 1100mV 85C Model Minimum Pulse Width 'eth2|eth_full1_inst|i_custom_phyip_0|A5|transceiver_core|gen.av_xcvr_native_insts[0].gen_bonded_group.av_xcvr_native_inst|inst_av_pma|av_rx_pma|rx_pmas[0].rx_pma.rx_pma_deser|clk90b'
Slack : 4.000
TNS   : 0.000

Type  : Fast 1100mV 85C Model Minimum Pulse Width 'adc1_phy|custom_phy_4line_inst|A5|transceiver_core|gen.av_xcvr_native_insts[0].gen_bonded_group.av_xcvr_native_inst|inst_av_pcs|ch[0].inst_av_pcs_ch|inst_av_hssi_8g_rx_pcs|wys|rcvdclkpma'
Slack : 4.161
TNS   : 0.000

Type  : Fast 1100mV 85C Model Minimum Pulse Width 'adc1_phy|custom_phy_4line_inst|A5|transceiver_core|gen.av_xcvr_native_insts[1].gen_bonded_group.av_xcvr_native_inst|inst_av_pcs|ch[0].inst_av_pcs_ch|inst_av_hssi_8g_rx_pcs|wys|rcvdclkpma'
Slack : 4.161
TNS   : 0.000

Type  : Fast 1100mV 85C Model Minimum Pulse Width 'adc1_phy|custom_phy_4line_inst|A5|transceiver_core|gen.av_xcvr_native_insts[2].gen_bonded_group.av_xcvr_native_inst|inst_av_pcs|ch[0].inst_av_pcs_ch|inst_av_hssi_8g_rx_pcs|wys|rcvdclkpma'
Slack : 4.161
TNS   : 0.000

Type  : Fast 1100mV 85C Model Minimum Pulse Width 'adc1_phy|custom_phy_4line_inst|A5|transceiver_core|gen.av_xcvr_native_insts[3].gen_bonded_group.av_xcvr_native_inst|inst_av_pcs|ch[0].inst_av_pcs_ch|inst_av_hssi_8g_rx_pcs|wys|rcvdclkpma'
Slack : 4.161
TNS   : 0.000

Type  : Fast 1100mV 85C Model Minimum Pulse Width 'adc2_phy|custom_phy_4line_inst|A5|transceiver_core|gen.av_xcvr_native_insts[0].gen_bonded_group.av_xcvr_native_inst|inst_av_pcs|ch[0].inst_av_pcs_ch|inst_av_hssi_8g_rx_pcs|wys|rcvdclkpma'
Slack : 4.161
TNS   : 0.000

Type  : Fast 1100mV 85C Model Minimum Pulse Width 'adc2_phy|custom_phy_4line_inst|A5|transceiver_core|gen.av_xcvr_native_insts[1].gen_bonded_group.av_xcvr_native_inst|inst_av_pcs|ch[0].inst_av_pcs_ch|inst_av_hssi_8g_rx_pcs|wys|rcvdclkpma'
Slack : 4.161
TNS   : 0.000

Type  : Fast 1100mV 85C Model Minimum Pulse Width 'adc2_phy|custom_phy_4line_inst|A5|transceiver_core|gen.av_xcvr_native_insts[2].gen_bonded_group.av_xcvr_native_inst|inst_av_pcs|ch[0].inst_av_pcs_ch|inst_av_hssi_8g_rx_pcs|wys|rcvdclkpma'
Slack : 4.161
TNS   : 0.000

Type  : Fast 1100mV 85C Model Minimum Pulse Width 'adc2_phy|custom_phy_4line_inst|A5|transceiver_core|gen.av_xcvr_native_insts[3].gen_bonded_group.av_xcvr_native_inst|inst_av_pcs|ch[0].inst_av_pcs_ch|inst_av_hssi_8g_rx_pcs|wys|rcvdclkpma'
Slack : 4.161
TNS   : 0.000

Type  : Fast 1100mV 0C Model Setup 'pll_240_120_0002:pll240_120_ADC1|altera_pll:altera_pll_i|outclk_wire[0]'
Slack : -1.518
TNS   : -5.314

Type  : Fast 1100mV 0C Model Setup 'pll_96_0002:pll_96_dac1|altera_pll:altera_pll_i|general[0].gpll~FRACTIONAL_PLL_O_VCOPH0'
Slack : -1.517
TNS   : -37.465

Type  : Fast 1100mV 0C Model Setup 'pll_240_120_0002:pll240_120_ADC1|altera_pll:altera_pll_i|outclk_wire[1]'
Slack : -1.423
TNS   : -2.682

Type  : Fast 1100mV 0C Model Setup 'pll_0002:pll_1|altera_pll:altera_pll_i|outclk_wire[0]'
Slack : 0.033
TNS   : 0.000

Type  : Fast 1100mV 0C Model Setup 'pll_125_0002:pll_125_eth0|altera_pll:altera_pll_i|general[0].gpll~FRACTIONAL_PLL_O_VCOPH0'
Slack : 0.412
TNS   : 0.000

Type  : Fast 1100mV 0C Model Hold 'pll_96_0002:pll_96_dac1|altera_pll:altera_pll_i|general[0].gpll~FRACTIONAL_PLL_O_VCOPH0'
Slack : -0.091
TNS   : -0.189

Type  : Fast 1100mV 0C Model Hold 'pll_125_0002:pll_125_eth0|altera_pll:altera_pll_i|general[0].gpll~FRACTIONAL_PLL_O_VCOPH0'
Slack : 0.063
TNS   : 0.000

Type  : Fast 1100mV 0C Model Hold 'pll_240_120_0002:pll240_120_ADC1|altera_pll:altera_pll_i|outclk_wire[1]'
Slack : 0.106
TNS   : 0.000

Type  : Fast 1100mV 0C Model Hold 'pll_0002:pll_1|altera_pll:altera_pll_i|outclk_wire[0]'
Slack : 0.120
TNS   : 0.000

Type  : Fast 1100mV 0C Model Hold 'pll_240_120_0002:pll240_120_ADC1|altera_pll:altera_pll_i|outclk_wire[0]'
Slack : 0.166
TNS   : 0.000

Type  : Fast 1100mV 0C Model Recovery 'pll_96_0002:pll_96_dac1|altera_pll:altera_pll_i|general[0].gpll~FRACTIONAL_PLL_O_VCOPH0'
Slack : 0.530
TNS   : 0.000

Type  : Fast 1100mV 0C Model Recovery 'pll_125_0002:pll_125_eth0|altera_pll:altera_pll_i|general[0].gpll~FRACTIONAL_PLL_O_VCOPH0'
Slack : 1.079
TNS   : 0.000

Type  : Fast 1100mV 0C Model Recovery 'pll_0002:pll_1|altera_pll:altera_pll_i|outclk_wire[0]'
Slack : 5.880
TNS   : 0.000

Type  : Fast 1100mV 0C Model Removal 'pll_125_0002:pll_125_eth0|altera_pll:altera_pll_i|general[0].gpll~FRACTIONAL_PLL_O_VCOPH0'
Slack : 0.155
TNS   : 0.000

Type  : Fast 1100mV 0C Model Removal 'pll_0002:pll_1|altera_pll:altera_pll_i|outclk_wire[0]'
Slack : 0.281
TNS   : 0.000

Type  : Fast 1100mV 0C Model Removal 'pll_96_0002:pll_96_dac1|altera_pll:altera_pll_i|general[0].gpll~FRACTIONAL_PLL_O_VCOPH0'
Slack : 0.489
TNS   : 0.000

Type  : Fast 1100mV 0C Model Minimum Pulse Width 'pll_96_0002:pll_96_dac1|altera_pll:altera_pll_i|general[0].gpll~FRACTIONAL_PLL_O_VCOPH0'
Slack : -0.418
TNS   : -15.048

Type  : Fast 1100mV 0C Model Minimum Pulse Width 'pll_125_0002:pll_125_eth0|altera_pll:altera_pll_i|general[0].gpll~FRACTIONAL_PLL_O_VCOPH0'
Slack : 0.165
TNS   : 0.000

Type  : Fast 1100mV 0C Model Minimum Pulse Width 'custom_phy_4line:adc1_phy|altera_xcvr_custom:custom_phy_4line_inst|av_xcvr_custom_nr:A5|av_xcvr_custom_native:transceiver_core|av_xcvr_native:gen.av_xcvr_native_insts[0].gen_bonded_group.av_xcvr_native_inst|av_pma:inst_av_pma|av_rx_pma:av_rx_pma|rx_pmas[0].rx_pma.wire_cdr_to_deser_clk'
Slack : 0.416
TNS   : 0.000

Type  : Fast 1100mV 0C Model Minimum Pulse Width 'custom_phy_4line:adc1_phy|altera_xcvr_custom:custom_phy_4line_inst|av_xcvr_custom_nr:A5|av_xcvr_custom_native:transceiver_core|av_xcvr_native:gen.av_xcvr_native_insts[1].gen_bonded_group.av_xcvr_native_inst|av_pma:inst_av_pma|av_rx_pma:av_rx_pma|rx_pmas[0].rx_pma.wire_cdr_to_deser_clk'
Slack : 0.416
TNS   : 0.000

Type  : Fast 1100mV 0C Model Minimum Pulse Width 'custom_phy_4line:adc1_phy|altera_xcvr_custom:custom_phy_4line_inst|av_xcvr_custom_nr:A5|av_xcvr_custom_native:transceiver_core|av_xcvr_native:gen.av_xcvr_native_insts[2].gen_bonded_group.av_xcvr_native_inst|av_pma:inst_av_pma|av_rx_pma:av_rx_pma|rx_pmas[0].rx_pma.wire_cdr_to_deser_clk'
Slack : 0.416
TNS   : 0.000

Type  : Fast 1100mV 0C Model Minimum Pulse Width 'custom_phy_4line:adc1_phy|altera_xcvr_custom:custom_phy_4line_inst|av_xcvr_custom_nr:A5|av_xcvr_custom_native:transceiver_core|av_xcvr_native:gen.av_xcvr_native_insts[3].gen_bonded_group.av_xcvr_native_inst|av_pma:inst_av_pma|av_rx_pma:av_rx_pma|rx_pmas[0].rx_pma.wire_cdr_to_deser_clk'
Slack : 0.416
TNS   : 0.000

Type  : Fast 1100mV 0C Model Minimum Pulse Width 'custom_phy_4line:adc2_phy|altera_xcvr_custom:custom_phy_4line_inst|av_xcvr_custom_nr:A5|av_xcvr_custom_native:transceiver_core|av_xcvr_native:gen.av_xcvr_native_insts[0].gen_bonded_group.av_xcvr_native_inst|av_pma:inst_av_pma|av_rx_pma:av_rx_pma|rx_pmas[0].rx_pma.wire_cdr_to_deser_clk'
Slack : 0.416
TNS   : 0.000

Type  : Fast 1100mV 0C Model Minimum Pulse Width 'custom_phy_4line:adc2_phy|altera_xcvr_custom:custom_phy_4line_inst|av_xcvr_custom_nr:A5|av_xcvr_custom_native:transceiver_core|av_xcvr_native:gen.av_xcvr_native_insts[1].gen_bonded_group.av_xcvr_native_inst|av_pma:inst_av_pma|av_rx_pma:av_rx_pma|rx_pmas[0].rx_pma.wire_cdr_to_deser_clk'
Slack : 0.416
TNS   : 0.000

Type  : Fast 1100mV 0C Model Minimum Pulse Width 'custom_phy_4line:adc2_phy|altera_xcvr_custom:custom_phy_4line_inst|av_xcvr_custom_nr:A5|av_xcvr_custom_native:transceiver_core|av_xcvr_native:gen.av_xcvr_native_insts[2].gen_bonded_group.av_xcvr_native_inst|av_pma:inst_av_pma|av_rx_pma:av_rx_pma|rx_pmas[0].rx_pma.wire_cdr_to_deser_clk'
Slack : 0.416
TNS   : 0.000

Type  : Fast 1100mV 0C Model Minimum Pulse Width 'custom_phy_4line:adc2_phy|altera_xcvr_custom:custom_phy_4line_inst|av_xcvr_custom_nr:A5|av_xcvr_custom_native:transceiver_core|av_xcvr_native:gen.av_xcvr_native_insts[3].gen_bonded_group.av_xcvr_native_inst|av_pma:inst_av_pma|av_rx_pma:av_rx_pma|rx_pmas[0].rx_pma.wire_cdr_to_deser_clk'
Slack : 0.416
TNS   : 0.000

Type  : Fast 1100mV 0C Model Minimum Pulse Width 'eth_1g_top:eth1|eth1_0002:eth_full1_inst|altera_xcvr_custom:i_custom_phyip_0|av_xcvr_custom_nr:A5|av_xcvr_custom_native:transceiver_core|av_xcvr_native:gen.av_xcvr_native_insts[0].gen_bonded_group.av_xcvr_native_inst|av_pma:inst_av_pma|av_rx_pma:av_rx_pma|rx_pmas[0].rx_pma.wire_cdr_to_deser_clk'
Slack : 0.800
TNS   : 0.000

Type  : Fast 1100mV 0C Model Minimum Pulse Width 'eth_1g_top:eth2|eth1_0002:eth_full1_inst|altera_xcvr_custom:i_custom_phyip_0|av_xcvr_custom_nr:A5|av_xcvr_custom_native:transceiver_core|av_xcvr_native:gen.av_xcvr_native_insts[0].gen_bonded_group.av_xcvr_native_inst|av_pma:inst_av_pma|av_rx_pma:av_rx_pma|rx_pmas[0].rx_pma.wire_cdr_to_deser_clk'
Slack : 0.800
TNS   : 0.000

Type  : Fast 1100mV 0C Model Minimum Pulse Width 'pll_240_120_0002:pll240_120_ADC1|altera_pll:altera_pll_i|general[0].gpll~FRACTIONAL_PLL_O_VCOPH0'
Slack : 1.041
TNS   : 0.000

Type  : Fast 1100mV 0C Model Minimum Pulse Width 'pll_240_120_0002:pll240_120_ADC1|altera_pll:altera_pll_i|outclk_wire[0]'
Slack : 1.300
TNS   : 0.000

Type  : Fast 1100mV 0C Model Minimum Pulse Width 'pll_0002:pll_1|altera_pll:altera_pll_i|general[0].gpll~FRACTIONAL_PLL_O_VCOPH0'
Slack : 1.332
TNS   : 0.000

Type  : Fast 1100mV 0C Model Minimum Pulse Width 'REF3'
Slack : 1.357
TNS   : 0.000

Type  : Fast 1100mV 0C Model Minimum Pulse Width 'adc1_phy|custom_phy_4line_inst|A5|transceiver_core|gen.av_xcvr_native_insts[0].gen_bonded_group.av_xcvr_native_inst|inst_av_pma|av_rx_pma|rx_pmas[0].rx_pma.rx_pma_deser|clk90b'
Slack : 2.076
TNS   : 0.000

Type  : Fast 1100mV 0C Model Minimum Pulse Width 'adc1_phy|custom_phy_4line_inst|A5|transceiver_core|gen.av_xcvr_native_insts[1].gen_bonded_group.av_xcvr_native_inst|inst_av_pma|av_rx_pma|rx_pmas[0].rx_pma.rx_pma_deser|clk90b'
Slack : 2.076
TNS   : 0.000

Type  : Fast 1100mV 0C Model Minimum Pulse Width 'adc1_phy|custom_phy_4line_inst|A5|transceiver_core|gen.av_xcvr_native_insts[2].gen_bonded_group.av_xcvr_native_inst|inst_av_pma|av_rx_pma|rx_pmas[0].rx_pma.rx_pma_deser|clk90b'
Slack : 2.076
TNS   : 0.000

Type  : Fast 1100mV 0C Model Minimum Pulse Width 'adc1_phy|custom_phy_4line_inst|A5|transceiver_core|gen.av_xcvr_native_insts[3].gen_bonded_group.av_xcvr_native_inst|inst_av_pma|av_rx_pma|rx_pmas[0].rx_pma.rx_pma_deser|clk90b'
Slack : 2.076
TNS   : 0.000

Type  : Fast 1100mV 0C Model Minimum Pulse Width 'adc2_phy|custom_phy_4line_inst|A5|transceiver_core|gen.av_xcvr_native_insts[0].gen_bonded_group.av_xcvr_native_inst|inst_av_pma|av_rx_pma|rx_pmas[0].rx_pma.rx_pma_deser|clk90b'
Slack : 2.076
TNS   : 0.000

Type  : Fast 1100mV 0C Model Minimum Pulse Width 'adc2_phy|custom_phy_4line_inst|A5|transceiver_core|gen.av_xcvr_native_insts[1].gen_bonded_group.av_xcvr_native_inst|inst_av_pma|av_rx_pma|rx_pmas[0].rx_pma.rx_pma_deser|clk90b'
Slack : 2.076
TNS   : 0.000

Type  : Fast 1100mV 0C Model Minimum Pulse Width 'adc2_phy|custom_phy_4line_inst|A5|transceiver_core|gen.av_xcvr_native_insts[2].gen_bonded_group.av_xcvr_native_inst|inst_av_pma|av_rx_pma|rx_pmas[0].rx_pma.rx_pma_deser|clk90b'
Slack : 2.076
TNS   : 0.000

Type  : Fast 1100mV 0C Model Minimum Pulse Width 'adc2_phy|custom_phy_4line_inst|A5|transceiver_core|gen.av_xcvr_native_insts[3].gen_bonded_group.av_xcvr_native_inst|inst_av_pma|av_rx_pma|rx_pmas[0].rx_pma.rx_pma_deser|clk90b'
Slack : 2.076
TNS   : 0.000

Type  : Fast 1100mV 0C Model Minimum Pulse Width 'pll_0002:pll_1|altera_pll:altera_pll_i|outclk_wire[0]'
Slack : 3.207
TNS   : 0.000

Type  : Fast 1100mV 0C Model Minimum Pulse Width 'pll_240_120_0002:pll240_120_ADC1|altera_pll:altera_pll_i|outclk_wire[1]'
Slack : 3.379
TNS   : 0.000

Type  : Fast 1100mV 0C Model Minimum Pulse Width 'eth1|eth_full1_inst|i_custom_phyip_0|A5|transceiver_core|gen.av_xcvr_native_insts[0].gen_bonded_group.av_xcvr_native_inst|inst_av_pma|av_rx_pma|rx_pmas[0].rx_pma.rx_pma_deser|clk90b'
Slack : 4.000
TNS   : 0.000

Type  : Fast 1100mV 0C Model Minimum Pulse Width 'eth2|eth_full1_inst|i_custom_phyip_0|A5|transceiver_core|gen.av_xcvr_native_insts[0].gen_bonded_group.av_xcvr_native_inst|inst_av_pma|av_rx_pma|rx_pmas[0].rx_pma.rx_pma_deser|clk90b'
Slack : 4.000
TNS   : 0.000

Type  : Fast 1100mV 0C Model Minimum Pulse Width 'adc1_phy|custom_phy_4line_inst|A5|transceiver_core|gen.av_xcvr_native_insts[0].gen_bonded_group.av_xcvr_native_inst|inst_av_pcs|ch[0].inst_av_pcs_ch|inst_av_hssi_8g_rx_pcs|wys|rcvdclkpma'
Slack : 4.163
TNS   : 0.000

Type  : Fast 1100mV 0C Model Minimum Pulse Width 'adc1_phy|custom_phy_4line_inst|A5|transceiver_core|gen.av_xcvr_native_insts[1].gen_bonded_group.av_xcvr_native_inst|inst_av_pcs|ch[0].inst_av_pcs_ch|inst_av_hssi_8g_rx_pcs|wys|rcvdclkpma'
Slack : 4.163
TNS   : 0.000

Type  : Fast 1100mV 0C Model Minimum Pulse Width 'adc1_phy|custom_phy_4line_inst|A5|transceiver_core|gen.av_xcvr_native_insts[2].gen_bonded_group.av_xcvr_native_inst|inst_av_pcs|ch[0].inst_av_pcs_ch|inst_av_hssi_8g_rx_pcs|wys|rcvdclkpma'
Slack : 4.163
TNS   : 0.000

Type  : Fast 1100mV 0C Model Minimum Pulse Width 'adc1_phy|custom_phy_4line_inst|A5|transceiver_core|gen.av_xcvr_native_insts[3].gen_bonded_group.av_xcvr_native_inst|inst_av_pcs|ch[0].inst_av_pcs_ch|inst_av_hssi_8g_rx_pcs|wys|rcvdclkpma'
Slack : 4.163
TNS   : 0.000

Type  : Fast 1100mV 0C Model Minimum Pulse Width 'adc2_phy|custom_phy_4line_inst|A5|transceiver_core|gen.av_xcvr_native_insts[0].gen_bonded_group.av_xcvr_native_inst|inst_av_pcs|ch[0].inst_av_pcs_ch|inst_av_hssi_8g_rx_pcs|wys|rcvdclkpma'
Slack : 4.163
TNS   : 0.000

Type  : Fast 1100mV 0C Model Minimum Pulse Width 'adc2_phy|custom_phy_4line_inst|A5|transceiver_core|gen.av_xcvr_native_insts[1].gen_bonded_group.av_xcvr_native_inst|inst_av_pcs|ch[0].inst_av_pcs_ch|inst_av_hssi_8g_rx_pcs|wys|rcvdclkpma'
Slack : 4.163
TNS   : 0.000

Type  : Fast 1100mV 0C Model Minimum Pulse Width 'adc2_phy|custom_phy_4line_inst|A5|transceiver_core|gen.av_xcvr_native_insts[2].gen_bonded_group.av_xcvr_native_inst|inst_av_pcs|ch[0].inst_av_pcs_ch|inst_av_hssi_8g_rx_pcs|wys|rcvdclkpma'
Slack : 4.163
TNS   : 0.000

Type  : Fast 1100mV 0C Model Minimum Pulse Width 'adc2_phy|custom_phy_4line_inst|A5|transceiver_core|gen.av_xcvr_native_insts[3].gen_bonded_group.av_xcvr_native_inst|inst_av_pcs|ch[0].inst_av_pcs_ch|inst_av_hssi_8g_rx_pcs|wys|rcvdclkpma'
Slack : 4.163
TNS   : 0.000

------------------------------------------------------------
